Archive member included to satisfy reference by file (symbol)

/opt/st/stm32cubeide_1.16.0/plugins/com.st.stm32cube.ide.mcu.externaltools.gnu-tools-for-stm32.12.3.rel1.linux64_1.0.200.202406132123/tools/bin/../lib/gcc/arm-none-eabi/12.3.1/../../../../arm-none-eabi/lib/thumb/v6-m/nofp/libc_nano.a(libc_a-exit.o)
                              /opt/st/stm32cubeide_1.16.0/plugins/com.st.stm32cube.ide.mcu.externaltools.gnu-tools-for-stm32.12.3.rel1.linux64_1.0.200.202406132123/tools/bin/../lib/gcc/arm-none-eabi/12.3.1/../../../../arm-none-eabi/lib/thumb/v6-m/nofp/crt0.o (exit)
/opt/st/stm32cubeide_1.16.0/plugins/com.st.stm32cube.ide.mcu.externaltools.gnu-tools-for-stm32.12.3.rel1.linux64_1.0.200.202406132123/tools/bin/../lib/gcc/arm-none-eabi/12.3.1/../../../../arm-none-eabi/lib/thumb/v6-m/nofp/libc_nano.a(libc_a-rand.o)
                              ./Src/main.o (srand)
/opt/st/stm32cubeide_1.16.0/plugins/com.st.stm32cube.ide.mcu.externaltools.gnu-tools-for-stm32.12.3.rel1.linux64_1.0.200.202406132123/tools/bin/../lib/gcc/arm-none-eabi/12.3.1/../../../../arm-none-eabi/lib/thumb/v6-m/nofp/libc_nano.a(libc_a-findfp.o)
                              /opt/st/stm32cubeide_1.16.0/plugins/com.st.stm32cube.ide.mcu.externaltools.gnu-tools-for-stm32.12.3.rel1.linux64_1.0.200.202406132123/tools/bin/../lib/gcc/arm-none-eabi/12.3.1/../../../../arm-none-eabi/lib/thumb/v6-m/nofp/libc_nano.a(libc_a-exit.o) (__stdio_exit_handler)
/opt/st/stm32cubeide_1.16.0/plugins/com.st.stm32cube.ide.mcu.externaltools.gnu-tools-for-stm32.12.3.rel1.linux64_1.0.200.202406132123/tools/bin/../lib/gcc/arm-none-eabi/12.3.1/../../../../arm-none-eabi/lib/thumb/v6-m/nofp/libc_nano.a(libc_a-fwalk.o)
                              /opt/st/stm32cubeide_1.16.0/plugins/com.st.stm32cube.ide.mcu.externaltools.gnu-tools-for-stm32.12.3.rel1.linux64_1.0.200.202406132123/tools/bin/../lib/gcc/arm-none-eabi/12.3.1/../../../../arm-none-eabi/lib/thumb/v6-m/nofp/libc_nano.a(libc_a-findfp.o) (_fwalk_sglue)
/opt/st/stm32cubeide_1.16.0/plugins/com.st.stm32cube.ide.mcu.externaltools.gnu-tools-for-stm32.12.3.rel1.linux64_1.0.200.202406132123/tools/bin/../lib/gcc/arm-none-eabi/12.3.1/../../../../arm-none-eabi/lib/thumb/v6-m/nofp/libc_nano.a(libc_a-stdio.o)
                              /opt/st/stm32cubeide_1.16.0/plugins/com.st.stm32cube.ide.mcu.externaltools.gnu-tools-for-stm32.12.3.rel1.linux64_1.0.200.202406132123/tools/bin/../lib/gcc/arm-none-eabi/12.3.1/../../../../arm-none-eabi/lib/thumb/v6-m/nofp/libc_nano.a(libc_a-findfp.o) (__sread)
/opt/st/stm32cubeide_1.16.0/plugins/com.st.stm32cube.ide.mcu.externaltools.gnu-tools-for-stm32.12.3.rel1.linux64_1.0.200.202406132123/tools/bin/../lib/gcc/arm-none-eabi/12.3.1/../../../../arm-none-eabi/lib/thumb/v6-m/nofp/libc_nano.a(libc_a-memset.o)
                              /opt/st/stm32cubeide_1.16.0/plugins/com.st.stm32cube.ide.mcu.externaltools.gnu-tools-for-stm32.12.3.rel1.linux64_1.0.200.202406132123/tools/bin/../lib/gcc/arm-none-eabi/12.3.1/../../../../arm-none-eabi/lib/thumb/v6-m/nofp/crt0.o (memset)
/opt/st/stm32cubeide_1.16.0/plugins/com.st.stm32cube.ide.mcu.externaltools.gnu-tools-for-stm32.12.3.rel1.linux64_1.0.200.202406132123/tools/bin/../lib/gcc/arm-none-eabi/12.3.1/../../../../arm-none-eabi/lib/thumb/v6-m/nofp/libc_nano.a(libc_a-closer.o)
                              /opt/st/stm32cubeide_1.16.0/plugins/com.st.stm32cube.ide.mcu.externaltools.gnu-tools-for-stm32.12.3.rel1.linux64_1.0.200.202406132123/tools/bin/../lib/gcc/arm-none-eabi/12.3.1/../../../../arm-none-eabi/lib/thumb/v6-m/nofp/libc_nano.a(libc_a-stdio.o) (_close_r)
/opt/st/stm32cubeide_1.16.0/plugins/com.st.stm32cube.ide.mcu.externaltools.gnu-tools-for-stm32.12.3.rel1.linux64_1.0.200.202406132123/tools/bin/../lib/gcc/arm-none-eabi/12.3.1/../../../../arm-none-eabi/lib/thumb/v6-m/nofp/libc_nano.a(libc_a-reent.o)
                              /opt/st/stm32cubeide_1.16.0/plugins/com.st.stm32cube.ide.mcu.externaltools.gnu-tools-for-stm32.12.3.rel1.linux64_1.0.200.202406132123/tools/bin/../lib/gcc/arm-none-eabi/12.3.1/../../../../arm-none-eabi/lib/thumb/v6-m/nofp/libc_nano.a(libc_a-closer.o) (errno)
/opt/st/stm32cubeide_1.16.0/plugins/com.st.stm32cube.ide.mcu.externaltools.gnu-tools-for-stm32.12.3.rel1.linux64_1.0.200.202406132123/tools/bin/../lib/gcc/arm-none-eabi/12.3.1/../../../../arm-none-eabi/lib/thumb/v6-m/nofp/libc_nano.a(libc_a-impure.o)
                              /opt/st/stm32cubeide_1.16.0/plugins/com.st.stm32cube.ide.mcu.externaltools.gnu-tools-for-stm32.12.3.rel1.linux64_1.0.200.202406132123/tools/bin/../lib/gcc/arm-none-eabi/12.3.1/../../../../arm-none-eabi/lib/thumb/v6-m/nofp/libc_nano.a(libc_a-rand.o) (_impure_ptr)
/opt/st/stm32cubeide_1.16.0/plugins/com.st.stm32cube.ide.mcu.externaltools.gnu-tools-for-stm32.12.3.rel1.linux64_1.0.200.202406132123/tools/bin/../lib/gcc/arm-none-eabi/12.3.1/../../../../arm-none-eabi/lib/thumb/v6-m/nofp/libc_nano.a(libc_a-lseekr.o)
[...]
Memory Configuration

Name             Origin             Length             Attributes
RAM              0x20000000         0x00002000         xrw
FLASH            0x08000000         0x00010000         xr
*default*        0x00000000         0xffffffff

Linker script and memory map

LOAD /opt/st/stm32cubeide_1.16.0/plugins/com.st.stm32cube.ide.mcu.externaltools.gnu-tools-for-stm32.12.3.rel1.linux64_1.0.200.202406132123/tools/bin/../lib/gcc/arm-none-eabi/12.3.1/thumb/v6-m/nofp/crti.o
LOAD /opt/st/stm32cubeide_1.16.0/plugins/com.st.stm32cube.ide.mcu.externaltools.gnu-tools-for-stm32.12.3.rel1.linux64_1.0.200.202406132123/tools/bin/../lib/gcc/arm-none-eabi/12.3.1/thumb/v6-m/nofp/crtbegin.o
LOAD /opt/st/stm32cubeide_1.16.0/plugins/com.st.stm32cube.ide.mcu.externaltools.gnu-tools-for-stm32.12.3.rel1.linux64_1.0.200.202406132123/tools/bin/../lib/gcc/arm-none-eabi/12.3.1/../../../../arm-none-eabi/lib/thumb/v6-m/nofp/crt0.o
LOAD ./Drivers/STM32F0xx_HAL_Driver/Src/stm32f0xx_hal.o
LOAD ./Drivers/STM32F0xx_HAL_Driver/Src/stm32f0xx_hal_adc.o
LOAD ./Drivers/STM32F0xx_HAL_Driver/Src/stm32f0xx_hal_adc_ex.o
LOAD ./Drivers/STM32F0xx_HAL_Driver/Src/stm32f0xx_hal_cortex.o
LOAD ./Drivers/STM32F0xx_HAL_Driver/Src/stm32f0xx_hal_dma.o
LOAD ./Drivers/STM32F0xx_HAL_Driver/Src/stm32f0xx_hal_exti.o
LOAD ./Drivers/STM32F0xx_HAL_Driver/Src/stm32f0xx_hal_flash.o
LOAD ./Drivers/STM32F0xx_HAL_Driver/Src/stm32f0xx_hal_flash_ex.o
LOAD ./Drivers/STM32F0xx_HAL_Driver/Src/stm32f0xx_hal_gpio.o
LOAD ./Drivers/STM32F0xx_HAL_Driver/Src/stm32f0xx_hal_i2c.o
LOAD ./Drivers/STM32F0xx_HAL_Driver/Src/stm32f0xx_hal_i2c_ex.o
LOAD ./Drivers/STM32F0xx_HAL_Driver/Src/stm32f0xx_hal_pwr.o
LOAD ./Drivers/STM32F0xx_HAL_Driver/Src/stm32f0xx_hal_pwr_ex.o
LOAD ./Drivers/STM32F0xx_HAL_Driver/Src/stm32f0xx_hal_rcc.o
LOAD ./Drivers/STM32F0xx_HAL_Driver/Src/stm32f0xx_hal_rcc_ex.o
LOAD ./Drivers/STM32F0xx_HAL_Driver/Src/stm32f0xx_hal_tim.o
LOAD ./Drivers/STM32F0xx_HAL_Driver/Src/stm32f0xx_hal_tim_ex.o
LOAD ./Drivers/STM32F0xx_HAL_Driver/Src/stm32f0xx_hal_uart.o
LOAD ./Drivers/STM32F0xx_HAL_Driver/Src/stm32f0xx_hal_uart_ex.o
LOAD ./Src/adc.o
LOAD ./Src/anim_ball.o
LOAD ./Src/anim_life.o
LOAD ./Src/anim_name.o
LOAD ./Src/anim_random.o
LOAD ./Src/anim_swipe.o
LOAD ./Src/game_racer.o
LOAD ./Src/gpio.o
LOAD ./Src/ledHandler.o
LOAD ./Src/main.o
LOAD ./Src/screenBuffer.o
LOAD ./Src/stm32f0xx_hal_msp.o
LOAD ./Src/stm32f0xx_it.o
LOAD ./Src/syscalls.o
LOAD ./Src/sysmem.o
LOAD ./Src/system_stm32f0xx.o
LOAD ./Src/tim.o
LOAD ./Src/usart.o
LOAD ./Startup/startup_stm32f030c8tx.o
START GROUP
LOAD /opt/st/stm32cubeide_1.16.0/plugins/com.st.stm32cube.ide.mcu.externaltools.gnu-tools-for-stm32.12.3.rel1.linux64_1.0.200.202406132123/tools/bin/../lib/gcc/arm-none-eabi/12.3.1/../../../../arm-none-eabi/lib/thumb/v6-m/nofp/libc_nano.a
LOAD /opt/st/stm32cubeide_1.16.0/plugins/com.st.stm32cube.ide.mcu.externaltools.gnu-tools-for-stm32.12.3.rel1.linux64_1.0.200.202406132123/tools/bin/../lib/gcc/arm-none-eabi/12.3.1/../../../../arm-none-eabi/lib/thumb/v6-m/nofp/libm.a
END GROUP
START GROUP
LOAD /opt/st/stm32cubeide_1.16.0/plugins/com.st.stm32cube.ide.mcu.externaltools.gnu-tools-for-stm32.12.3.rel1.linux64_1.0.200.202406132123/tools/bin/../lib/gcc/arm-none-eabi/12.3.1/thumb/v6-m/nofp/libgcc.a
LOAD /opt/st/stm32cubeide_1.16.0/plugins/com.st.stm32cube.ide.mcu.externaltools.gnu-tools-for-stm32.12.3.rel1.linux64_1.0.200.202406132123/tools/bin/../lib/gcc/arm-none-eabi/12.3.1/../../../../arm-none-eabi/lib/thumb/v6-m/nofp/libc_nano.a
END GROUP
START GROUP
LOAD /opt/st/stm32cubeide_1.16.0/plugins/com.st.stm32cube.ide.mcu.externaltools.gnu-tools-for-stm32.12.3.rel1.linux64_1.0.200.202406132123/tools/bin/../lib/gcc/arm-none-eabi/12.3.1/thumb/v6-m/nofp/libgcc.a
LOAD /opt/st/stm32cubeide_1.16.0/plugins/com.st.stm32cube.ide.mcu.externaltools.gnu-tools-for-stm32.12.3.rel1.linux64_1.0.200.202406132123/tools/bin/../lib/gcc/arm-none-eabi/12.3.1/../../../../arm-none-eabi/lib/thumb/v6-m/nofp/libc_nano.a
LOAD /opt/st/stm32cubeide_1.16.0/plugins/com.st.stm32cube.ide.mcu.externaltools.gnu-tools-for-stm32.12.3.rel1.linux64_1.0.200.202406132123/tools/bin/../lib/gcc/arm-none-eabi/12.3.1/../../../../arm-none-eabi/lib/thumb/v6-m/nofp/libnosys.a
END GROUP
START GROUP
LOAD /opt/st/stm32cubeide_1.16.0/plugins/com.st.stm32cube.ide.mcu.externaltools.gnu-tools-for-stm32.12.3.rel1.linux64_1.0.200.202406132123/tools/bin/../lib/gcc/arm-none-eabi/12.3.1/thumb/v6-m/nofp/libgcc.a
LOAD /opt/st/stm32cubeide_1.16.0/plugins/com.st.stm32cube.ide.mcu.externaltools.gnu-tools-for-stm32.12.3.rel1.linux64_1.0.200.202406132123/tools/bin/../lib/gcc/arm-none-eabi/12.3.1/../../../../arm-none-eabi/lib/thumb/v6-m/nofp/libc_nano.a
LOAD /opt/st/stm32cubeide_1.16.0/plugins/com.st.stm32cube.ide.mcu.externaltools.gnu-tools-for-stm32.12.3.rel1.linux64_1.0.200.202406132123/tools/bin/../lib/gcc/arm-none-eabi/12.3.1/../../../../arm-none-eabi/lib/thumb/v6-m/nofp/libnosys.a
END GROUP
LOAD /opt/st/stm32cubeide_1.16.0/plugins/com.st.stm32cube.ide.mcu.externaltools.gnu-tools-for-stm32.12.3.rel1.linux64_1.0.200.202406132123/tools/bin/../lib/gcc/arm-none-eabi/12.3.1/thumb/v6-m/nofp/crtend.o
LOAD /opt/st/stm32cubeide_1.16.0/plugins/com.st.stm32cube.ide.mcu.externaltools.gnu-tools-for-stm32.12.3.rel1.linux64_1.0.200.202406132123/tools/bin/../lib/gcc/arm-none-eabi/12.3.1/thumb/v6-m/nofp/crtn.o
                0x20002000                        _estack = (ORIGIN (RAM) + LENGTH (RAM))
                0x00000200                        _Min_Heap_Size = 0x200
                0x00000400                        _Min_Stack_Size = 0x400

.isr_vector     0x08000000       0xc0
                0x08000000                        . = ALIGN (0x4)
 *(.isr_vector)
 .isr_vector    0x08000000       0xc0 ./Startup/startup_stm32f030c8tx.o
                0x08000000                g_pfnVectors
                0x080000c0                        . = ALIGN (0x4)

.text           0x080000c0     0x5418
                0x080000c0                        . = ALIGN (0x4)
 *(.text)
 .text          0x080000c0       0x48 /opt/st/stm32cubeide_1.16.0/plugins/com.st.stm32cube.ide.mcu.externaltools.gnu-tools-for-stm32.12.3.rel1.linux64_1.0.200.202406132123/tools/bin/../lib/gcc/arm-none-eabi/12.3.1/thumb/v6-m/nofp/crtbegin.o
 .text          0x08000108        0xe /opt/st/stm32cubeide_1.16.0/plugins/com.st.stm32cube.ide.mcu.externaltools.gnu-tools-for-stm32.12.3.rel1.linux64_1.0.200.202406132123/tools/bin/../lib/gcc/arm-none-eabi/12.3.1/../../../../arm-none-eabi/lib/thumb/v6-m/nofp/libc_nano.a(libc_a-strlen.o)
                0x08000108                strlen
 *fill*         0x08000116        0x2 
 .text          0x08000118       0x14 /opt/st/stm32cubeide_1.16.0/plugins/com.st.stm32cube.ide.mcu.externaltools.gnu-tools-for-stm32.12.3.rel1.linux64_1.0.200.202406132123/tools/bin/../lib/gcc/arm-none-eabi/12.3.1/thumb/v6-m/nofp/libgcc.a(_thumb1_case_shi.o)
                0x08000118                __gnu_thumb1_case_shi
 .text          0x0800012c      0x114 /opt/st/stm32cubeide_1.16.0/plugins/com.st.stm32cube.ide.mcu.externaltools.gnu-tools-for-stm32.12.3.rel1.linux64_1.0.200.202406132123/tools/bin/../lib/gcc/arm-none-eabi/12.3.1/thumb/v6-m/nofp/libgcc.a(_udivsi3.o)
                0x0800012c                __udivsi3
                0x0800012c                __aeabi_uidiv
                0x08000238                __aeabi_uidivmod
 .text          0x08000240      0x1d4 /opt/st/stm32cubeide_1.16.0/plugins/com.st.stm32cube.ide.mcu.externaltools.gnu-tools-for-stm32.12.3.rel1.linux64_1.0.200.202406132123/tools/bin/../lib/gcc/arm-none-eabi/12.3.1/thumb/v6-m/nofp/libgcc.a(_divsi3.o)
                0x08000240                __aeabi_idiv
                0x08000240                __divsi3
                0x0800040c                __aeabi_idivmod
 .text          0x08000414        0x4 /opt/st/stm32cubeide_1.16.0/plugins/com.st.stm32cube.ide.mcu.externaltools.gnu-tools-for-stm32.12.3.rel1.linux64_1.0.200.202406132123/tools/bin/../lib/gcc/arm-none-eabi/12.3.1/thumb/v6-m/nofp/libgcc.a(_dvmd_tls.o)
                0x08000414                __aeabi_ldiv0
                0x08000414                __aeabi_idiv0
 .text          0x08000418       0x5c /opt/st/stm32cubeide_1.16.0/plugins/com.st.stm32cube.ide.mcu.externaltools.gnu-tools-for-stm32.12.3.rel1.linux64_1.0.200.202406132123/tools/bin/../lib/gcc/arm-none-eabi/12.3.1/thumb/v6-m/nofp/libgcc.a(_muldi3.o)
                0x08000418                __aeabi_lmul
                0x08000418                __muldi3
 *(.text*)
 .text.HAL_Init
                0x08000474       0x28 ./Drivers/STM32F0xx_HAL_Driver/Src/stm32f0xx_hal.o
                0x08000474                HAL_Init
 .text.HAL_InitTick
                0x0800049c       0x68 ./Drivers/STM32F0xx_HAL_Driver/Src/stm32f0xx_hal.o
                0x0800049c                HAL_InitTick
 .text.HAL_IncTick
                0x08000504       0x24 ./Drivers/STM32F0xx_HAL_Driver/Src/stm32f0xx_hal.o
                0x08000504                HAL_IncTick
 .text.HAL_GetTick
                0x08000528       0x14 ./Drivers/STM32F0xx_HAL_Driver/Src/stm32f0xx_hal.o
                0x08000528                HAL_GetTick
 .text.HAL_Delay
                0x0800053c       0x48 ./Drivers/STM32F0xx_HAL_Driver/Src/stm32f0xx_hal.o
                0x0800053c                HAL_Delay
 .text.HAL_ADC_Init
                0x08000584      0x280 ./Drivers/STM32F0xx_HAL_Driver/Src/stm32f0xx_hal_adc.o
                0x08000584                HAL_ADC_Init
 .text.HAL_ADC_Start
                0x08000804       0xa8 ./Drivers/STM32F0xx_HAL_Driver/Src/stm32f0xx_hal_adc.o
                0x08000804                HAL_ADC_Start
 .text.HAL_ADC_PollForConversion
                0x080008ac      0x130 ./Drivers/STM32F0xx_HAL_Driver/Src/stm32f0xx_hal_adc.o
                0x080008ac                HAL_ADC_PollForConversion
 .text.HAL_ADC_GetValue
                0x080009dc       0x16 ./Drivers/STM32F0xx_HAL_Driver/Src/stm32f0xx_hal_adc.o
                0x080009dc                HAL_ADC_GetValue
 *fill*         0x080009f2        0x2 
 .text.HAL_ADC_ConfigChannel
                0x080009f4      0x1ec ./Drivers/STM32F0xx_HAL_Driver/Src/stm32f0xx_hal_adc.o
                0x080009f4                HAL_ADC_ConfigChannel
 .text.ADC_Enable
                0x08000be0      0x108 ./Drivers/STM32F0xx_HAL_Driver/Src/stm32f0xx_hal_adc.o
 .text.__NVIC_EnableIRQ
                0x08000ce8       0x34 ./Drivers/STM32F0xx_HAL_Driver/Src/stm32f0xx_hal_cortex.o
 .text.__NVIC_SetPriority
                0x08000d1c       0xdc ./Drivers/STM32F0xx_HAL_Driver/Src/stm32f0xx_hal_cortex.o
 .text.SysTick_Config
                0x08000df8       0x48 ./Drivers/STM32F0xx_HAL_Driver/Src/stm32f0xx_hal_cortex.o
 .text.HAL_NVIC_SetPriority
                0x08000e40       0x2a ./Drivers/STM32F0xx_HAL_Driver/Src/stm32f0xx_hal_cortex.o
                0x08000e40                HAL_NVIC_SetPriority
 .text.HAL_NVIC_EnableIRQ
                0x08000e6a       0x20 ./Drivers/STM32F0xx_HAL_Driver/Src/stm32f0xx_hal_cortex.o
                0x08000e6a                HAL_NVIC_EnableIRQ
 .text.HAL_SYSTICK_Config
                0x08000e8a       0x1a ./Drivers/STM32F0xx_HAL_Driver/Src/stm32f0xx_hal_cortex.o
                0x08000e8a                HAL_SYSTICK_Config
 .text.HAL_GPIO_Init
                0x08000ea4      0x2e0 ./Drivers/STM32F0xx_HAL_Driver/Src/stm32f0xx_hal_gpio.o
                0x08000ea4                HAL_GPIO_Init
 .text.HAL_GPIO_ReadPin
                0x08001184       0x3a ./Drivers/STM32F0xx_HAL_Driver/Src/stm32f0xx_hal_gpio.o
                0x08001184                HAL_GPIO_ReadPin
 .text.HAL_GPIO_WritePin
                0x080011be       0x3a ./Drivers/STM32F0xx_HAL_Driver/Src/stm32f0xx_hal_gpio.o
                0x080011be                HAL_GPIO_WritePin
 .text.HAL_RCC_OscConfig
                0x080011f8      0x634 ./Drivers/STM32F0xx_HAL_Driver/Src/stm32f0xx_hal_rcc.o
                0x080011f8                HAL_RCC_OscConfig
 .text.HAL_RCC_ClockConfig
                0x0800182c      0x19c ./Drivers/STM32F0xx_HAL_Driver/Src/stm32f0xx_hal_rcc.o
                0x0800182c                HAL_RCC_ClockConfig
 .text.HAL_RCC_GetSysClockFreq
                0x080019c8       0xac ./Drivers/STM32F0xx_HAL_Driver/Src/stm32f0xx_hal_rcc.o
                0x080019c8                HAL_RCC_GetSysClockFreq
 .text.HAL_RCC_GetHCLKFreq
                0x08001a74       0x14 ./Drivers/STM32F0xx_HAL_Driver/Src/stm32f0xx_hal_rcc.o
                0x08001a74                HAL_RCC_GetHCLKFreq
 .text.HAL_RCC_GetPCLK1Freq
                0x08001a88       0x2c ./Drivers/STM32F0xx_HAL_Driver/Src/stm32f0xx_hal_rcc.o
                0x08001a88                HAL_RCC_GetPCLK1Freq
 .text.HAL_RCCEx_PeriphCLKConfig
                0x08001ab4      0x19c ./Drivers/STM32F0xx_HAL_Driver/Src/stm32f0xx_hal_rcc_ex.o
                0x08001ab4                HAL_RCCEx_PeriphCLKConfig
 .text.HAL_TIM_Base_Init
                0x08001c50       0xa0 ./Drivers/STM32F0xx_HAL_Driver/Src/stm32f0xx_hal_tim.o
                0x08001c50                HAL_TIM_Base_Init
 .text.HAL_TIM_Base_Start_IT
                0x08001cf0       0x98 ./Drivers/STM32F0xx_HAL_Driver/Src/stm32f0xx_hal_tim.o
                0x08001cf0                HAL_TIM_Base_Start_IT
 .text.HAL_TIM_IRQHandler
                0x08001d88      0x22c ./Drivers/STM32F0xx_HAL_Driver/Src/stm32f0xx_hal_tim.o
                0x08001d88                HAL_TIM_IRQHandler
 .text.HAL_TIM_OC_DelayElapsedCallback
                0x08001fb4       0x10 ./Drivers/STM32F0xx_HAL_Driver/Src/stm32f0xx_hal_tim.o
                0x08001fb4                HAL_TIM_OC_DelayElapsedCallback
 .text.HAL_TIM_IC_CaptureCallback
                0x08001fc4       0x10 ./Drivers/STM32F0xx_HAL_Driver/Src/stm32f0xx_hal_tim.o
                0x08001fc4                HAL_TIM_IC_CaptureCallback
 .text.HAL_TIM_PWM_PulseFinishedCallback
                0x08001fd4       0x10 ./Drivers/STM32F0xx_HAL_Driver/Src/stm32f0xx_hal_tim.o
                0x08001fd4                HAL_TIM_PWM_PulseFinishedCallback
 .text.HAL_TIM_TriggerCallback
                0x08001fe4       0x10 ./Drivers/STM32F0xx_HAL_Driver/Src/stm32f0xx_hal_tim.o
                0x08001fe4                HAL_TIM_TriggerCallback
 .text.TIM_Base_SetConfig
                0x08001ff4       0xec ./Drivers/STM32F0xx_HAL_Driver/Src/stm32f0xx_hal_tim.o
                0x08001ff4                TIM_Base_SetConfig
 .text.HAL_TIMEx_CommutCallback
                0x080020e0       0x10 ./Drivers/STM32F0xx_HAL_Driver/Src/stm32f0xx_hal_tim_ex.o
                0x080020e0                HAL_TIMEx_CommutCallback
 .text.HAL_TIMEx_BreakCallback
                0x080020f0       0x10 ./Drivers/STM32F0xx_HAL_Driver/Src/stm32f0xx_hal_tim_ex.o
                0x080020f0                HAL_TIMEx_BreakCallback
 .text.HAL_UART_Init
                0x08002100       0xa8 ./Drivers/STM32F0xx_HAL_Driver/Src/stm32f0xx_hal_uart.o
                0x08002100                HAL_UART_Init
 .text.UART_SetConfig
                0x080021a8      0x280 ./Drivers/STM32F0xx_HAL_Driver/Src/stm32f0xx_hal_uart.o
                0x080021a8                UART_SetConfig
 .text.UART_AdvFeatureConfig
                0x08002428      0x168 ./Drivers/STM32F0xx_HAL_Driver/Src/stm32f0xx_hal_uart.o
                0x08002428                UART_AdvFeatureConfig
 .text.UART_CheckIdleState
                0x08002590      0x150 ./Drivers/STM32F0xx_HAL_Driver/Src/stm32f0xx_hal_uart.o
                0x08002590                UART_CheckIdleState
 .text.UART_WaitOnFlagUntilTimeout
                0x080026e0       0xd2 ./Drivers/STM32F0xx_HAL_Driver/Src/stm32f0xx_hal_uart.o
                0x080026e0                UART_WaitOnFlagUntilTimeout
 *fill*         0x080027b2        0x2 
 .text.UART_EndRxTransfer
                0x080027b4       0xc8 ./Drivers/STM32F0xx_HAL_Driver/Src/stm32f0xx_hal_uart.o
 .text.MX_ADC_Init
                0x0800287c       0xb8 ./Src/adc.o
                0x0800287c                MX_ADC_Init
 .text.HAL_ADC_MspInit
                0x08002934       0x8c ./Src/adc.o
                0x08002934                HAL_ADC_MspInit
 .text.anim_ball_run
                0x080029c0       0x9c ./Src/anim_ball.o
                0x080029c0                anim_ball_run
 .text.neighbours
                0x08002a5c      0x2ac ./Src/anim_life.o
                0x08002a5c                neighbours
 .text.worldCreation
                0x08002d08       0x8c ./Src/anim_life.o
                0x08002d08                worldCreation
 .text.anim_life_setup
                0x08002d94       0x4c ./Src/anim_life.o
                0x08002d94                anim_life_setup
 .text.anim_life_run
                0x08002de0      0x22c ./Src/anim_life.o
                0x08002de0                anim_life_run
 .text.anim_name_word
                0x0800300c       0x54 ./Src/anim_name.o
                0x0800300c                anim_name_word
 .text.anim_random_run
                0x08003060       0x70 ./Src/anim_random.o
                0x08003060                anim_random_run
 .text.anim_vertical_run
                0x080030d0       0x44 ./Src/anim_swipe.o
                0x080030d0                anim_vertical_run
 .text.anim_rotate_run
                0x08003114       0x6c ./Src/anim_swipe.o
                0x08003114                anim_rotate_run
 .text.anim_horizontal_run
                0x08003180       0x48 ./Src/anim_swipe.o
                0x08003180                anim_horizontal_run
 .text.anim_diagonal_run
                0x080031c8       0x80 ./Src/anim_swipe.o
                0x080031c8                anim_diagonal_run
 .text.anim_swipeAll_run
                0x08003248       0x68 ./Src/anim_swipe.o
                0x08003248                anim_swipeAll_run
 .text.gameRacer_startNewGame
                0x080032b0       0x34 ./Src/game_racer.o
                0x080032b0                gameRacer_startNewGame
 .text.initGameOver
                0x080032e4       0xa8 ./Src/game_racer.o
                0x080032e4                initGameOver
 .text.shiftDownObstacle
                0x0800338c       0x8c ./Src/game_racer.o
                0x0800338c                shiftDownObstacle
 .text.clearTopRow
                0x08003418       0x30 ./Src/game_racer.o
                0x08003418                clearTopRow
 .text.generateNewRow
                0x08003448       0xf0 ./Src/game_racer.o
                0x08003448                generateNewRow
 .text.updateDifficulty
                0x08003538      0x1a8 ./Src/game_racer.o
                0x08003538                updateDifficulty
 .text.updateCarPosition
                0x080036e0       0x70 ./Src/game_racer.o
                0x080036e0                updateCarPosition
 .text.gameRacer_run
                0x08003750       0xe4 ./Src/game_racer.o
                0x08003750                gameRacer_run
 .text.MX_GPIO_Init
                0x08003834       0xdc ./Src/gpio.o
                0x08003834                MX_GPIO_Init
 .text.matrix_setLed_on
                0x08003910       0x50 ./Src/ledHandler.o
                0x08003910                matrix_setLed_on
 .text.matrix_setLed_allOff
                0x08003960       0x28 ./Src/ledHandler.o
                0x08003960                matrix_setLed_allOff
 .text.animationSelector
                0x08003988      0x130 ./Src/main.o
                0x08003988                animationSelector
 .text.main     0x08003ab8       0xb0 ./Src/main.o
                0x08003ab8                main
 .text.SystemClock_Config
                0x08003b68       0xba ./Src/main.o
                0x08003b68                SystemClock_Config
 .text.Error_Handler
                0x08003c22        0xc ./Src/main.o
                0x08003c22                Error_Handler
 *fill*         0x08003c2e        0x2 
 .text.screen_get_bit
                0x08003c30       0x30 ./Src/screenBuffer.o
                0x08003c30                screen_get_bit
 .text.screen_set_bit
                0x08003c60       0x40 ./Src/screenBuffer.o
                0x08003c60                screen_set_bit
 .text.screen_show_letter
                0x08003ca0       0x84 ./Src/screenBuffer.o
                0x08003ca0                screen_show_letter
 .text.screen_fill
                0x08003d24       0x48 ./Src/screenBuffer.o
                0x08003d24                screen_fill
 .text.screen_clear
                0x08003d6c       0x48 ./Src/screenBuffer.o
                0x08003d6c                screen_clear
 .text.screen_interruptUpdate
                0x08003db4       0x84 ./Src/screenBuffer.o
                0x08003db4                screen_interruptUpdate
 .text.screen_draw_line
                0x08003e38       0xdc ./Src/screenBuffer.o
                0x08003e38                screen_draw_line
 .text.screen_display_array
                0x08003f14       0x58 ./Src/screenBuffer.o
                0x08003f14                screen_display_array
 .text.screen_display_image
                0x08003f6c       0x92 ./Src/screenBuffer.o
                0x08003f6c                screen_display_image
 *fill*         0x08003ffe        0x2 
 .text.HAL_MspInit
                0x08004000       0x48 ./Src/stm32f0xx_hal_msp.o
                0x08004000                HAL_MspInit
 .text.NMI_Handler
                0x08004048        0x8 ./Src/stm32f0xx_it.o
                0x08004048                NMI_Handler
 .text.HardFault_Handler
                0x08004050        0x8 ./Src/stm32f0xx_it.o
                0x08004050                HardFault_Handler
 .text.SVC_Handler
                0x08004058        0xa ./Src/stm32f0xx_it.o
                0x08004058                SVC_Handler
 .text.PendSV_Handler
                0x08004062        0xa ./Src/stm32f0xx_it.o
                0x08004062                PendSV_Handler
 .text.SysTick_Handler
                0x0800406c        0xe ./Src/stm32f0xx_it.o
                0x0800406c                SysTick_Handler
 *fill*         0x0800407a        0x2 
 .text.TIM16_IRQHandler
                0x0800407c       0x18 ./Src/stm32f0xx_it.o
                0x0800407c                TIM16_IRQHandler
 .text.HAL_TIM_PeriodElapsedCallback
                0x08004094       0x24 ./Src/stm32f0xx_it.o
                0x08004094                HAL_TIM_PeriodElapsedCallback
 .text._getpid  0x080040b8        0xc ./Src/syscalls.o
                0x080040b8                _getpid
 .text._kill    0x080040c4       0x20 ./Src/syscalls.o
                0x080040c4                _kill
 .text._exit    0x080040e4       0x1a ./Src/syscalls.o
                0x080040e4                _exit
 .text._read    0x080040fe       0x3a ./Src/syscalls.o
                0x080040fe                _read
 .text._write   0x08004138       0x38 ./Src/syscalls.o
                0x08004138                _write
 .text._close   0x08004170       0x14 ./Src/syscalls.o
                0x08004170                _close
 .text._fstat   0x08004184       0x1c ./Src/syscalls.o
                0x08004184                _fstat
 .text._isatty  0x080041a0       0x12 ./Src/syscalls.o
                0x080041a0                _isatty
 .text._lseek   0x080041b2       0x16 ./Src/syscalls.o
                0x080041b2                _lseek
 .text._sbrk    0x080041c8       0x6c ./Src/sysmem.o
                0x080041c8                _sbrk
 .text.SystemInit
                0x08004234        0xa ./Src/system_stm32f0xx.o
                0x08004234                SystemInit
 *fill*         0x0800423e        0x2 
 .text.MX_TIM16_Init
                0x08004240       0x50 ./Src/tim.o
                0x08004240                MX_TIM16_Init
 .text.HAL_TIM_Base_MspInit
                0x08004290       0x50 ./Src/tim.o
                0x08004290                HAL_TIM_Base_MspInit
 .text.MX_USART1_UART_Init
                0x080042e0       0x60 ./Src/usart.o
                0x080042e0                MX_USART1_UART_Init
 .text.HAL_UART_MspInit
                0x08004340       0x9c ./Src/usart.o
                0x08004340                HAL_UART_MspInit
 .text.Reset_Handler
                0x080043dc       0x50 ./Startup/startup_stm32f030c8tx.o
                0x080043dc                Reset_Handler
 .text.Default_Handler
                0x0800442c        0x2 ./Startup/startup_stm32f030c8tx.o
                0x0800442c                TIM1_CC_IRQHandler
                0x0800442c                TIM6_IRQHandler
                0x0800442c                I2C1_IRQHandler
                0x0800442c                SPI1_IRQHandler
                0x0800442c                EXTI2_3_IRQHandler
                0x0800442c                ADC1_IRQHandler
                0x0800442c                I2C2_IRQHandler
                0x0800442c                TIM17_IRQHandler
                0x0800442c                RTC_IRQHandler
                0x0800442c                TIM3_IRQHandler
                0x0800442c                EXTI4_15_IRQHandler
                0x0800442c                RCC_IRQHandler
                0x0800442c                DMA1_Channel1_IRQHandler
                0x0800442c                Default_Handler
                0x0800442c                TIM14_IRQHandler
                0x0800442c                DMA1_Channel4_5_IRQHandler
                0x0800442c                TIM15_IRQHandler
                0x0800442c                EXTI0_1_IRQHandler
                0x0800442c                SPI2_IRQHandler
                0x0800442c                WWDG_IRQHandler
                0x0800442c                DMA1_Channel2_3_IRQHandler
                0x0800442c                USART2_IRQHandler
                0x0800442c                FLASH_IRQHandler
                0x0800442c                USART1_IRQHandler
                0x0800442c                TIM1_BRK_UP_TRG_COM_IRQHandler
 *fill*         0x0800442e        0x2 
 .text.srand    0x08004430       0x60 /opt/st/stm32cubeide_1.16.0/plugins/com.st.stm32cube.ide.mcu.externaltools.gnu-tools-for-stm32.12.3.rel1.linux64_1.0.200.202406132123/tools/bin/../lib/gcc/arm-none-eabi/12.3.1/../../../../arm-none-eabi/lib/thumb/v6-m/nofp/libc_nano.a(libc_a-rand.o)
                0x08004430                srand
 .text.rand     0x08004490       0x7c /opt/st/stm32cubeide_1.16.0/plugins/com.st.stm32cube.ide.mcu.externaltools.gnu-tools-for-stm32.12.3.rel1.linux64_1.0.200.202406132123/tools/bin/../lib/gcc/arm-none-eabi/12.3.1/../../../../arm-none-eabi/lib/thumb/v6-m/nofp/libc_nano.a(libc_a-rand.o)
                0x08004490                rand
 .text.std      0x0800450c       0x6c /opt/st/stm32cubeide_1.16.0/plugins/com.st.stm32cube.ide.mcu.externaltools.gnu-tools-for-stm32.12.3.rel1.linux64_1.0.200.202406132123/tools/bin/../lib/gcc/arm-none-eabi/12.3.1/../../../../arm-none-eabi/lib/thumb/v6-m/nofp/libc_nano.a(libc_a-findfp.o)
 .text.stdio_exit_handler
                0x08004578       0x1c /opt/st/stm32cubeide_1.16.0/plugins/com.st.stm32cube.ide.mcu.externaltools.gnu-tools-for-stm32.12.3.rel1.linux64_1.0.200.202406132123/tools/bin/../lib/gcc/arm-none-eabi/12.3.1/../../../../arm-none-eabi/lib/thumb/v6-m/nofp/libc_nano.a(libc_a-findfp.o)
 .text.cleanup_stdio
                0x08004594       0x3c /opt/st/stm32cubeide_1.16.0/plugins/com.st.stm32cube.ide.mcu.externaltools.gnu-tools-for-stm32.12.3.rel1.linux64_1.0.200.202406132123/tools/bin/../lib/gcc/arm-none-eabi/12.3.1/../../../../arm-none-eabi/lib/thumb/v6-m/nofp/libc_nano.a(libc_a-findfp.o)
 .text.global_stdio_init.part.0
                0x080045d0       0x3c /opt/st/stm32cubeide_1.16.0/plugins/com.st.stm32cube.ide.mcu.externaltools.gnu-tools-for-stm32.12.3.rel1.linux64_1.0.200.202406132123/tools/bin/../lib/gcc/arm-none-eabi/12.3.1/../../../../arm-none-eabi/lib/thumb/v6-m/nofp/libc_nano.a(libc_a-findfp.o)
 .text.__sfp_lock_acquire
                0x0800460c       0x10 /opt/st/stm32cubeide_1.16.0/plugins/com.st.stm32cube.ide.mcu.externaltools.gnu-tools-for-stm32.12.3.rel1.linux64_1.0.200.202406132123/tools/bin/../lib/gcc/arm-none-eabi/12.3.1/../../../../arm-none-eabi/lib/thumb/v6-m/nofp/libc_nano.a(libc_a-findfp.o)
                0x0800460c                __sfp_lock_acquire
 .text.__sfp_lock_release
                0x0800461c       0x10 /opt/st/stm32cubeide_1.16.0/plugins/com.st.stm32cube.ide.mcu.externaltools.gnu-tools-for-stm32.12.3.rel1.linux64_1.0.200.202406132123/tools/bin/../lib/gcc/arm-none-eabi/12.3.1/../../../../arm-none-eabi/lib/thumb/v6-m/nofp/libc_nano.a(libc_a-findfp.o)
                0x0800461c                __sfp_lock_release
 .text.__sinit  0x0800462c       0x30 /opt/st/stm32cubeide_1.16.0/plugins/com.st.stm32cube.ide.mcu.externaltools.gnu-tools-for-stm32.12.3.rel1.linux64_1.0.200.202406132123/tools/bin/../lib/gcc/arm-none-eabi/12.3.1/../../../../arm-none-eabi/lib/thumb/v6-m/nofp/libc_nano.a(libc_a-findfp.o)
                0x0800462c                __sinit
 .text._fwalk_sglue
                0x0800465c       0x38 /opt/st/stm32cubeide_1.16.0/plugins/com.st.stm32cube.ide.mcu.externaltools.gnu-tools-for-stm32.12.3.rel1.linux64_1.0.200.202406132123/tools/bin/../lib/gcc/arm-none-eabi/12.3.1/../../../../arm-none-eabi/lib/thumb/v6-m/nofp/libc_nano.a(libc_a-fwalk.o)
                0x0800465c                _fwalk_sglue
 .text.__sread  0x08004694       0x28 /opt/st/stm32cubeide_1.16.0/plugins/com.st.stm32cube.ide.mcu.externaltools.gnu-tools-for-stm32.12.3.rel1.linux64_1.0.200.202406132123/tools/bin/../lib/gcc/arm-none-eabi/12.3.1/../../../../arm-none-eabi/lib/thumb/v6-m/nofp/libc_nano.a(libc_a-stdio.o)
                0x08004694                __sread
 .text.__swrite
                0x080046bc       0x38 /opt/st/stm32cubeide_1.16.0/plugins/com.st.stm32cube.ide.mcu.externaltools.gnu-tools-for-stm32.12.3.rel1.linux64_1.0.200.202406132123/tools/bin/../lib/gcc/arm-none-eabi/12.3.1/../../../../arm-none-eabi/lib/thumb/v6-m/nofp/libc_nano.a(libc_a-stdio.o)
                0x080046bc                __swrite
 .text.__sseek  0x080046f4       0x2c /opt/st/stm32cubeide_1.16.0/plugins/com.st.stm32cube.ide.mcu.externaltools.gnu-tools-for-stm32.12.3.rel1.linux64_1.0.200.202406132123/tools/bin/../lib/gcc/arm-none-eabi/12.3.1/../../../../arm-none-eabi/lib/thumb/v6-m/nofp/libc_nano.a(libc_a-stdio.o)
                0x080046f4                __sseek
 .text.__sclose
                0x08004720        0xc /opt/st/stm32cubeide_1.16.0/plugins/com.st.stm32cube.ide.mcu.externaltools.gnu-tools-for-stm32.12.3.rel1.linux64_1.0.200.202406132123/tools/bin/../lib/gcc/arm-none-eabi/12.3.1/../../../../arm-none-eabi/lib/thumb/v6-m/nofp/libc_nano.a(libc_a-stdio.o)
                0x08004720                __sclose
 .text.memset   0x0800472c       0x10 /opt/st/stm32cubeide_1.16.0/plugins/com.st.stm32cube.ide.mcu.externaltools.gnu-tools-for-stm32.12.3.rel1.linux64_1.0.200.202406132123/tools/bin/../lib/gcc/arm-none-eabi/12.3.1/../../../../arm-none-eabi/lib/thumb/v6-m/nofp/libc_nano.a(libc_a-memset.o)
                0x0800472c                memset
 .text._close_r
                0x0800473c       0x24 /opt/st/stm32cubeide_1.16.0/plugins/com.st.stm32cube.ide.mcu.externaltools.gnu-tools-for-stm32.12.3.rel1.linux64_1.0.200.202406132123/tools/bin/../lib/gcc/arm-none-eabi/12.3.1/../../../../arm-none-eabi/lib/thumb/v6-m/nofp/libc_nano.a(libc_a-closer.o)
                0x0800473c                _close_r
 .text._lseek_r
                0x08004760       0x28 /opt/st/stm32cubeide_1.16.0/plugins/com.st.stm32cube.ide.mcu.externaltools.gnu-tools-for-stm32.12.3.rel1.linux64_1.0.200.202406132123/tools/bin/../lib/gcc/arm-none-eabi/12.3.1/../../../../arm-none-eabi/lib/thumb/v6-m/nofp/libc_nano.a(libc_a-lseekr.o)
                0x08004760                _lseek_r
 .text._read_r  0x08004788       0x28 /opt/st/stm32cubeide_1.16.0/plugins/com.st.stm32cube.ide.mcu.externaltools.gnu-tools-for-stm32.12.3.rel1.linux64_1.0.200.202406132123/tools/bin/../lib/gcc/arm-none-eabi/12.3.1/../../../../arm-none-eabi/lib/thumb/v6-m/nofp/libc_nano.a(libc_a-readr.o)
                0x08004788                _read_r
 .text._write_r
                0x080047b0       0x28 /opt/st/stm32cubeide_1.16.0/plugins/com.st.stm32cube.ide.mcu.externaltools.gnu-tools-for-stm32.12.3.rel1.linux64_1.0.200.202406132123/tools/bin/../lib/gcc/arm-none-eabi/12.3.1/../../../../arm-none-eabi/lib/thumb/v6-m/nofp/libc_nano.a(libc_a-writer.o)
                0x080047b0                _write_r
 .text.__errno  0x080047d8        0xc /opt/st/stm32cubeide_1.16.0/plugins/com.st.stm32cube.ide.mcu.externaltools.gnu-tools-for-stm32.12.3.rel1.linux64_1.0.200.202406132123/tools/bin/../lib/gcc/arm-none-eabi/12.3.1/../../../../arm-none-eabi/lib/thumb/v6-m/nofp/libc_nano.a(libc_a-errno.o)
                0x080047d8                __errno
 .text.__libc_init_array
                0x080047e4       0x48 /opt/st/stm32cubeide_1.16.0/plugins/com.st.stm32cube.ide.mcu.externaltools.gnu-tools-for-stm32.12.3.rel1.linux64_1.0.200.202406132123/tools/bin/../lib/gcc/arm-none-eabi/12.3.1/../../../../arm-none-eabi/lib/thumb/v6-m/nofp/libc_nano.a(libc_a-init.o)
                0x080047e4                __libc_init_array
 .text.__retarget_lock_init_recursive
                0x0800482c        0x2 /opt/st/stm32cubeide_1.16.0/plugins/com.st.stm32cube.ide.mcu.externaltools.gnu-tools-for-stm32.12.3.rel1.linux64_1.0.200.202406132123/tools/bin/../lib/gcc/arm-none-eabi/12.3.1/../../../../arm-none-eabi/lib/thumb/v6-m/nofp/libc_nano.a(libc_a-lock.o)
                0x0800482c                __retarget_lock_init_recursive
 .text.__retarget_lock_acquire_recursive
                0x0800482e        0x2 /opt/st/stm32cubeide_1.16.0/plugins/com.st.stm32cube.ide.mcu.externaltools.gnu-tools-for-stm32.12.3.rel1.linux64_1.0.200.202406132123/tools/bin/../lib/gcc/arm-none-eabi/12.3.1/../../../../arm-none-eabi/lib/thumb/v6-m/nofp/libc_nano.a(libc_a-lock.o)
                0x0800482e                __retarget_lock_acquire_recursive
 .text.__retarget_lock_release_recursive
                0x08004830        0x2 /opt/st/stm32cubeide_1.16.0/plugins/com.st.stm32cube.ide.mcu.externaltools.gnu-tools-for-stm32.12.3.rel1.linux64_1.0.200.202406132123/tools/bin/../lib/gcc/arm-none-eabi/12.3.1/../../../../arm-none-eabi/lib/thumb/v6-m/nofp/libc_nano.a(libc_a-lock.o)
                0x08004830                __retarget_lock_release_recursive
 *fill*         0x08004832        0x2 
 .text.__assert_func
                0x08004834       0x3c /opt/st/stm32cubeide_1.16.0/plugins/com.st.stm32cube.ide.mcu.externaltools.gnu-tools-for-stm32.12.3.rel1.linux64_1.0.200.202406132123/tools/bin/../lib/gcc/arm-none-eabi/12.3.1/../../../../arm-none-eabi/lib/thumb/v6-m/nofp/libc_nano.a(libc_a-assert.o)
                0x08004834                __assert_func
 .text._free_r  0x08004870       0x94 /opt/st/stm32cubeide_1.16.0/plugins/com.st.stm32cube.ide.mcu.externaltools.gnu-tools-for-stm32.12.3.rel1.linux64_1.0.200.202406132123/tools/bin/../lib/gcc/arm-none-eabi/12.3.1/../../../../arm-none-eabi/lib/thumb/v6-m/nofp/libc_nano.a(libc_a-freer.o)
                0x08004870                _free_r
 .text.malloc   0x08004904       0x14 /opt/st/stm32cubeide_1.16.0/plugins/com.st.stm32cube.ide.mcu.externaltools.gnu-tools-for-stm32.12.3.rel1.linux64_1.0.200.202406132123/tools/bin/../lib/gcc/arm-none-eabi/12.3.1/../../../../arm-none-eabi/lib/thumb/v6-m/nofp/libc_nano.a(libc_a-malloc.o)
                0x08004904                malloc
 .text.sbrk_aligned
                0x08004918       0x44 /opt/st/stm32cubeide_1.16.0/plugins/com.st.stm32cube.ide.mcu.externaltools.gnu-tools-for-stm32.12.3.rel1.linux64_1.0.200.202406132123/tools/bin/../lib/gcc/arm-none-eabi/12.3.1/../../../../arm-none-eabi/lib/thumb/v6-m/nofp/libc_nano.a(libc_a-mallocr.o)
 .text._malloc_r
                0x0800495c      0x100 /opt/st/stm32cubeide_1.16.0/plugins/com.st.stm32cube.ide.mcu.externaltools.gnu-tools-for-stm32.12.3.rel1.linux64_1.0.200.202406132123/tools/bin/../lib/gcc/arm-none-eabi/12.3.1/../../../../arm-none-eabi/lib/thumb/v6-m/nofp/libc_nano.a(libc_a-mallocr.o)
                0x0800495c                _malloc_r
 .text.__malloc_lock
                0x08004a5c       0x10 /opt/st/stm32cubeide_1.16.0/plugins/com.st.stm32cube.ide.mcu.externaltools.gnu-tools-for-stm32.12.3.rel1.linux64_1.0.200.202406132123/tools/bin/../lib/gcc/arm-none-eabi/12.3.1/../../../../arm-none-eabi/lib/thumb/v6-m/nofp/libc_nano.a(libc_a-mlock.o)
                0x08004a5c                __malloc_lock
 .text.__malloc_unlock
                0x08004a6c       0x10 /opt/st/stm32cubeide_1.16.0/plugins/com.st.stm32cube.ide.mcu.externaltools.gnu-tools-for-stm32.12.3.rel1.linux64_1.0.200.202406132123/tools/bin/../lib/gcc/arm-none-eabi/12.3.1/../../../../arm-none-eabi/lib/thumb/v6-m/nofp/libc_nano.a(libc_a-mlock.o)
                0x08004a6c                __malloc_unlock
 .text.__sflush_r
                0x08004a7c      0x10c /opt/st/stm32cubeide_1.16.0/plugins/com.st.stm32cube.ide.mcu.externaltools.gnu-tools-for-stm32.12.3.rel1.linux64_1.0.200.202406132123/tools/bin/../lib/gcc/arm-none-eabi/12.3.1/../../../../arm-none-eabi/lib/thumb/v6-m/nofp/libc_nano.a(libc_a-fflush.o)
                0x08004a7c                __sflush_r
 .text._fflush_r
                0x08004b88       0x56 /opt/st/stm32cubeide_1.16.0/plugins/com.st.stm32cube.ide.mcu.externaltools.gnu-tools-for-stm32.12.3.rel1.linux64_1.0.200.202406132123/tools/bin/../lib/gcc/arm-none-eabi/12.3.1/../../../../arm-none-eabi/lib/thumb/v6-m/nofp/libc_nano.a(libc_a-fflush.o)
                0x08004b88                _fflush_r
 *fill*         0x08004bde        0x2 
 .text.fprintf  0x08004be0       0x20 /opt/st/stm32cubeide_1.16.0/plugins/com.st.stm32cube.ide.mcu.externaltools.gnu-tools-for-stm32.12.3.rel1.linux64_1.0.200.202406132123/tools/bin/../lib/gcc/arm-none-eabi/12.3.1/../../../../arm-none-eabi/lib/thumb/v6-m/nofp/libc_nano.a(libc_a-fprintf.o)
                0x08004be0                fprintf
                0x08004be0                fiprintf
 .text._sbrk_r  0x08004c00       0x24 /opt/st/stm32cubeide_1.16.0/plugins/com.st.stm32cube.ide.mcu.externaltools.gnu-tools-for-stm32.12.3.rel1.linux64_1.0.200.202406132123/tools/bin/../lib/gcc/arm-none-eabi/12.3.1/../../../../arm-none-eabi/lib/thumb/v6-m/nofp/libc_nano.a(libc_a-sbrkr.o)
                0x08004c00                _sbrk_r
 .text.abort    0x08004c24        0xe /opt/st/stm32cubeide_1.16.0/plugins/com.st.stm32cube.ide.mcu.externaltools.gnu-tools-for-stm32.12.3.rel1.linux64_1.0.200.202406132123/tools/bin/../lib/gcc/arm-none-eabi/12.3.1/../../../../arm-none-eabi/lib/thumb/v6-m/nofp/libc_nano.a(libc_a-abort.o)
                0x08004c24                abort
 .text.__sfputc_r
                0x08004c32       0x2a /opt/st/stm32cubeide_1.16.0/plugins/com.st.stm32cube.ide.mcu.externaltools.gnu-tools-for-stm32.12.3.rel1.linux64_1.0.200.202406132123/tools/bin/../lib/gcc/arm-none-eabi/12.3.1/../../../../arm-none-eabi/lib/thumb/v6-m/nofp/libc_nano.a(libc_a-nano-vfprintf.o)
 .text.__sfputs_r
                0x08004c5c       0x24 /opt/st/stm32cubeide_1.16.0/plugins/com.st.stm32cube.ide.mcu.externaltools.gnu-tools-for-stm32.12.3.rel1.linux64_1.0.200.202406132123/tools/bin/../lib/gcc/arm-none-eabi/12.3.1/../../../../arm-none-eabi/lib/thumb/v6-m/nofp/libc_nano.a(libc_a-nano-vfprintf.o)
                0x08004c5c                __sfputs_r
 .text._vfprintf_r
                0x08004c80      0x238 /opt/st/stm32cubeide_1.16.0/plugins/com.st.stm32cube.ide.mcu.externaltools.gnu-tools-for-stm32.12.3.rel1.linux64_1.0.200.202406132123/tools/bin/../lib/gcc/arm-none-eabi/12.3.1/../../../../arm-none-eabi/lib/thumb/v6-m/nofp/libc_nano.a(libc_a-nano-vfprintf.o)
                0x08004c80                _vfiprintf_r
                0x08004c80                _vfprintf_r
 .text._printf_common
                0x08004eb8       0xde /opt/st/stm32cubeide_1.16.0/plugins/com.st.stm32cube.ide.mcu.externaltools.gnu-tools-for-stm32.12.3.rel1.linux64_1.0.200.202406132123/tools/bin/../lib/gcc/arm-none-eabi/12.3.1/../../../../arm-none-eabi/lib/thumb/v6-m/nofp/libc_nano.a(libc_a-nano-vfprintf_i.o)
                0x08004eb8                _printf_common
 *fill*         0x08004f96        0x2 
 .text._printf_i
                0x08004f98      0x21c /opt/st/stm32cubeide_1.16.0/plugins/com.st.stm32cube.ide.mcu.externaltools.gnu-tools-for-stm32.12.3.rel1.linux64_1.0.200.202406132123/tools/bin/../lib/gcc/arm-none-eabi/12.3.1/../../../../arm-none-eabi/lib/thumb/v6-m/nofp/libc_nano.a(libc_a-nano-vfprintf_i.o)
                0x08004f98                _printf_i
 .text.__swbuf_r
                0x080051b4       0x84 /opt/st/stm32cubeide_1.16.0/plugins/com.st.stm32cube.ide.mcu.externaltools.gnu-tools-for-stm32.12.3.rel1.linux64_1.0.200.202406132123/tools/bin/../lib/gcc/arm-none-eabi/12.3.1/../../../../arm-none-eabi/lib/thumb/v6-m/nofp/libc_nano.a(libc_a-wbuf.o)
                0x080051b4                __swbuf_r
 .text.__swsetup_r
                0x08005238       0xbc /opt/st/stm32cubeide_1.16.0/plugins/com.st.stm32cube.ide.mcu.externaltools.gnu-tools-for-stm32.12.3.rel1.linux64_1.0.200.202406132123/tools/bin/../lib/gcc/arm-none-eabi/12.3.1/../../../../arm-none-eabi/lib/thumb/v6-m/nofp/libc_nano.a(libc_a-wsetup.o)
                0x08005238                __swsetup_r
 .text._raise_r
                0x080052f4       0x52 /opt/st/stm32cubeide_1.16.0/plugins/com.st.stm32cube.ide.mcu.externaltools.gnu-tools-for-stm32.12.3.rel1.linux64_1.0.200.202406132123/tools/bin/../lib/gcc/arm-none-eabi/12.3.1/../../../../arm-none-eabi/lib/thumb/v6-m/nofp/libc_nano.a(libc_a-signal.o)
                0x080052f4                _raise_r
 *fill*         0x08005346        0x2 
 .text.raise    0x08005348       0x14 /opt/st/stm32cubeide_1.16.0/plugins/com.st.stm32cube.ide.mcu.externaltools.gnu-tools-for-stm32.12.3.rel1.linux64_1.0.200.202406132123/tools/bin/../lib/gcc/arm-none-eabi/12.3.1/../../../../arm-none-eabi/lib/thumb/v6-m/nofp/libc_nano.a(libc_a-signal.o)
                0x08005348                raise
 .text._kill_r  0x0800535c       0x24 /opt/st/stm32cubeide_1.16.0/plugins/com.st.stm32cube.ide.mcu.externaltools.gnu-tools-for-stm32.12.3.rel1.linux64_1.0.200.202406132123/tools/bin/../lib/gcc/arm-none-eabi/12.3.1/../../../../arm-none-eabi/lib/thumb/v6-m/nofp/libc_nano.a(libc_a-signalr.o)
                0x0800535c                _kill_r
 .text._getpid_r
                0x08005380        0x8 /opt/st/stm32cubeide_1.16.0/plugins/com.st.stm32cube.ide.mcu.externaltools.gnu-tools-for-stm32.12.3.rel1.linux64_1.0.200.202406132123/tools/bin/../lib/gcc/arm-none-eabi/12.3.1/../../../../arm-none-eabi/lib/thumb/v6-m/nofp/libc_nano.a(libc_a-signalr.o)
                0x08005380                _getpid_r
 .text.memchr   0x08005388       0x16 /opt/st/stm32cubeide_1.16.0/plugins/com.st.stm32cube.ide.mcu.externaltools.gnu-tools-for-stm32.12.3.rel1.linux64_1.0.200.202406132123/tools/bin/../lib/gcc/arm-none-eabi/12.3.1/../../../../arm-none-eabi/lib/thumb/v6-m/nofp/libc_nano.a(libc_a-memchr-stub.o)
                0x08005388                memchr
 *fill*         0x0800539e        0x2 
 .text.__swhatbuf_r
                0x080053a0       0x54 /opt/st/stm32cubeide_1.16.0/plugins/com.st.stm32cube.ide.mcu.externaltools.gnu-tools-for-stm32.12.3.rel1.linux64_1.0.200.202406132123/tools/bin/../lib/gcc/arm-none-eabi/12.3.1/../../../../arm-none-eabi/lib/thumb/v6-m/nofp/libc_nano.a(libc_a-makebuf.o)
                0x080053a0                __swhatbuf_r
 .text.__smakebuf_r
                0x080053f4       0x82 /opt/st/stm32cubeide_1.16.0/plugins/com.st.stm32cube.ide.mcu.externaltools.gnu-tools-for-stm32.12.3.rel1.linux64_1.0.200.202406132123/tools/bin/../lib/gcc/arm-none-eabi/12.3.1/../../../../arm-none-eabi/lib/thumb/v6-m/nofp/libc_nano.a(libc_a-makebuf.o)
                0x080053f4                __smakebuf_r
 *fill*         0x08005476        0x2 
 .text._fstat_r
                0x08005478       0x24 /opt/st/stm32cubeide_1.16.0/plugins/com.st.stm32cube.ide.mcu.externaltools.gnu-tools-for-stm32.12.3.rel1.linux64_1.0.200.202406132123/tools/bin/../lib/gcc/arm-none-eabi/12.3.1/../../../../arm-none-eabi/lib/thumb/v6-m/nofp/libc_nano.a(libc_a-fstatr.o)
                0x08005478                _fstat_r
 .text._isatty_r
                0x0800549c       0x24 /opt/st/stm32cubeide_1.16.0/plugins/com.st.stm32cube.ide.mcu.externaltools.gnu-tools-for-stm32.12.3.rel1.linux64_1.0.200.202406132123/tools/bin/../lib/gcc/arm-none-eabi/12.3.1/../../../../arm-none-eabi/lib/thumb/v6-m/nofp/libc_nano.a(libc_a-isattyr.o)
                0x0800549c                _isatty_r
 *(.glue_7)
 .glue_7        0x080054c0        0x0 linker stubs
 *(.glue_7t)
 .glue_7t       0x080054c0        0x0 linker stubs
 *(.eh_frame)
 .eh_frame      0x080054c0        0x0 /opt/st/stm32cubeide_1.16.0/plugins/com.st.stm32cube.ide.mcu.externaltools.gnu-tools-for-stm32.12.3.rel1.linux64_1.0.200.202406132123/tools/bin/../lib/gcc/arm-none-eabi/12.3.1/thumb/v6-m/nofp/crtbegin.o
 *(.init)
 .init          0x080054c0        0x4 /opt/st/stm32cubeide_1.16.0/plugins/com.st.stm32cube.ide.mcu.externaltools.gnu-tools-for-stm32.12.3.rel1.linux64_1.0.200.202406132123/tools/bin/../lib/gcc/arm-none-eabi/12.3.1/thumb/v6-m/nofp/crti.o
                0x080054c0                _init
 .init          0x080054c4        0x8 /opt/st/stm32cubeide_1.16.0/plugins/com.st.stm32cube.ide.mcu.externaltools.gnu-tools-for-stm32.12.3.rel1.linux64_1.0.200.202406132123/tools/bin/../lib/gcc/arm-none-eabi/12.3.1/thumb/v6-m/nofp/crtn.o
 *(.fini)
 .fini          0x080054cc        0x4 /opt/st/stm32cubeide_1.16.0/plugins/com.st.stm32cube.ide.mcu.externaltools.gnu-tools-for-stm32.12.3.rel1.linux64_1.0.200.202406132123/tools/bin/../lib/gcc/arm-none-eabi/12.3.1/thumb/v6-m/nofp/crti.o
                0x080054cc                _fini
 .fini          0x080054d0        0x8 /opt/st/stm32cubeide_1.16.0/plugins/com.st.stm32cube.ide.mcu.externaltools.gnu-tools-for-stm32.12.3.rel1.linux64_1.0.200.202406132123/tools/bin/../lib/gcc/arm-none-eabi/12.3.1/thumb/v6-m/nofp/crtn.o
                0x080054d8                        . = ALIGN (0x4)
                0x080054d8                        _etext = .

.vfp11_veneer   0x080054d8        0x0
 .vfp11_veneer  0x080054d8        0x0 linker stubs

.v4_bx          0x080054d8        0x0
 .v4_bx         0x080054d8        0x0 linker stubs

.iplt           0x080054d8        0x0
 .iplt          0x080054d8        0x0 /opt/st/stm32cubeide_1.16.0/plugins/com.st.stm32cube.ide.mcu.externaltools.gnu-tools-for-stm32.12.3.rel1.linux64_1.0.200.202406132123/tools/bin/../lib/gcc/arm-none-eabi/12.3.1/thumb/v6-m/nofp/crtbegin.o

.rodata         0x080054d8      0x620
                0x080054d8                        . = ALIGN (0x4)
 *(.rodata)
 .rodata        0x080054d8       0x17 ./Src/main.o
 *(.rodata*)
 *fill*         0x080054ef        0x1 
 .rodata.aPLLMULFactorTable.1
                0x080054f0       0x10 ./Drivers/STM32F0xx_HAL_Driver/Src/stm32f0xx_hal_rcc.o
 .rodata.aPredivFactorTable.0
                0x08005500       0x10 ./Drivers/STM32F0xx_HAL_Driver/Src/stm32f0xx_hal_rcc.o
 .rodata.IMAGES
                0x08005510       0xc8 ./Src/anim_ball.o
                0x08005510                IMAGES
 .rodata.animationSelector
                0x080055d8       0x28 ./Src/main.o
 .rodata.font8x8_basic
                0x08005600      0x400 ./Src/screenBuffer.o
 .rodata.AHBPrescTable
                0x08005a00       0x10 ./Src/system_stm32f0xx.o
                0x08005a00                AHBPrescTable
 .rodata.APBPrescTable
                0x08005a10        0x8 ./Src/system_stm32f0xx.o
                0x08005a10                APBPrescTable
 .rodata.srand.str1.1
                0x08005a18       0x6f /opt/st/stm32cubeide_1.16.0/plugins/com.st.stm32cube.ide.mcu.externaltools.gnu-tools-for-stm32.12.3.rel1.linux64_1.0.200.202406132123/tools/bin/../lib/gcc/arm-none-eabi/12.3.1/../../../../arm-none-eabi/lib/thumb/v6-m/nofp/libc_nano.a(libc_a-rand.o)
 .rodata.__assert_func.str1.1
                0x08005a87       0x3c /opt/st/stm32cubeide_1.16.0/plugins/com.st.stm32cube.ide.mcu.externaltools.gnu-tools-for-stm32.12.3.rel1.linux64_1.0.200.202406132123/tools/bin/../lib/gcc/arm-none-eabi/12.3.1/../../../../arm-none-eabi/lib/thumb/v6-m/nofp/libc_nano.a(libc_a-assert.o)
                                 0x3d (size before relaxing)
 .rodata._vfprintf_r.str1.1
                0x08005ac3       0x11 /opt/st/stm32cubeide_1.16.0/plugins/com.st.stm32cube.ide.mcu.externaltools.gnu-tools-for-stm32.12.3.rel1.linux64_1.0.200.202406132123/tools/bin/../lib/gcc/arm-none-eabi/12.3.1/../../../../arm-none-eabi/lib/thumb/v6-m/nofp/libc_nano.a(libc_a-nano-vfprintf.o)
 .rodata._printf_i.str1.1
                0x08005ad4       0x22 /opt/st/stm32cubeide_1.16.0/plugins/com.st.stm32cube.ide.mcu.externaltools.gnu-tools-for-stm32.12.3.rel1.linux64_1.0.200.202406132123/tools/bin/../lib/gcc/arm-none-eabi/12.3.1/../../../../arm-none-eabi/lib/thumb/v6-m/nofp/libc_nano.a(libc_a-nano-vfprintf_i.o)
                0x08005af8                        . = ALIGN (0x4)
 *fill*         0x08005af6        0x2 

.rel.dyn        0x08005af8        0x0
 .rel.iplt      0x08005af8        0x0 /opt/st/stm32cubeide_1.16.0/plugins/com.st.stm32cube.ide.mcu.externaltools.gnu-tools-for-stm32.12.3.rel1.linux64_1.0.200.202406132123/tools/bin/../lib/gcc/arm-none-eabi/12.3.1/thumb/v6-m/nofp/crtbegin.o

.ARM.extab      0x08005af8        0x0
                0x08005af8                        . = ALIGN (0x4)
 *(.ARM.extab* .gnu.linkonce.armextab.*)
                0x08005af8                        . = ALIGN (0x4)

.ARM            0x08005af8        0x0
                0x08005af8                        . = ALIGN (0x4)
                0x08005af8                        __exidx_start = .
 *(.ARM.exidx*)
                0x08005af8                        __exidx_end = .
                0x08005af8                        . = ALIGN (0x4)

.preinit_array  0x08005af8        0x0
                0x08005af8                        . = ALIGN (0x4)
                0x08005af8                        PROVIDE (__preinit_array_start = .)
 *(.preinit_array*)
                0x08005af8                        PROVIDE (__preinit_array_end = .)
                0x08005af8                        . = ALIGN (0x4)

.init_array     0x08005af8        0x4
                0x08005af8                        . = ALIGN (0x4)
                0x08005af8                        PROVIDE (__init_array_start = .)
 *(SORT_BY_NAME(.init_array.*))
 *(.init_array*)
 .init_array    0x08005af8        0x4 /opt/st/stm32cubeide_1.16.0/plugins/com.st.stm32cube.ide.mcu.externaltools.gnu-tools-for-stm32.12.3.rel1.linux64_1.0.200.202406132123/tools/bin/../lib/gcc/arm-none-eabi/12.3.1/thumb/v6-m/nofp/crtbegin.o
                0x08005afc                        PROVIDE (__init_array_end = .)
                0x08005afc                        . = ALIGN (0x4)

.fini_array     0x08005afc        0x4
                0x08005afc                        . = ALIGN (0x4)
                [!provide]                        PROVIDE (__fini_array_start = .)
 *(SORT_BY_NAME(.fini_array.*))
 *(.fini_array*)
 .fini_array    0x08005afc        0x4 /opt/st/stm32cubeide_1.16.0/plugins/com.st.stm32cube.ide.mcu.externaltools.gnu-tools-for-stm32.12.3.rel1.linux64_1.0.200.202406132123/tools/bin/../lib/gcc/arm-none-eabi/12.3.1/thumb/v6-m/nofp/crtbegin.o
                [!provide]                        PROVIDE (__fini_array_end = .)
                0x08005b00                        . = ALIGN (0x4)
                0x08005b00                        _sidata = LOADADDR (.data)

.data           0x20000000       0x70 load address 0x08005b00
                0x20000000                        . = ALIGN (0x4)
                0x20000000                        _sdata = .
 *(.data)
 *(.data*)
 .data.uwTickPrio
                0x20000000        0x4 ./Drivers/STM32F0xx_HAL_Driver/Src/stm32f0xx_hal.o
                0x20000000                uwTickPrio
 .data.uwTickFreq
                0x20000004        0x1 ./Drivers/STM32F0xx_HAL_Driver/Src/stm32f0xx_hal.o
                0x20000004                uwTickFreq
 *fill*         0x20000005        0x3 
 .data.density  0x20000008        0x4 ./Src/anim_life.o
                0x20000008                density
 .data.gameRacer_refreshInterval
                0x2000000c        0x2 ./Src/game_racer.o
                0x2000000c                gameRacer_refreshInterval
 .data.gameRacer_obstacleCount
                0x2000000e        0x1 ./Src/game_racer.o
                0x2000000e                gameRacer_obstacleCount
 .data.gameRacer_carPosition
                0x2000000f        0x1 ./Src/game_racer.o
                0x2000000f                gameRacer_carPosition
 .data.SystemCoreClock
                0x20000010        0x4 ./Src/system_stm32f0xx.o
                0x20000010                SystemCoreClock
 .data.__sglue  0x20000014        0xc /opt/st/stm32cubeide_1.16.0/plugins/com.st.stm32cube.ide.mcu.externaltools.gnu-tools-for-stm32.12.3.rel1.linux64_1.0.200.202406132123/tools/bin/../lib/gcc/arm-none-eabi/12.3.1/../../../../arm-none-eabi/lib/thumb/v6-m/nofp/libc_nano.a(libc_a-findfp.o)
                0x20000014                __sglue
 .data._impure_ptr
                0x20000020        0x4 /opt/st/stm32cubeide_1.16.0/plugins/com.st.stm32cube.ide.mcu.externaltools.gnu-tools-for-stm32.12.3.rel1.linux64_1.0.200.202406132123/tools/bin/../lib/gcc/arm-none-eabi/12.3.1/../../../../arm-none-eabi/lib/thumb/v6-m/nofp/libc_nano.a(libc_a-impure.o)
                0x20000020                _impure_ptr
 .data._impure_data
                0x20000024       0x4c /opt/st/stm32cubeide_1.16.0/plugins/com.st.stm32cube.ide.mcu.externaltools.gnu-tools-for-stm32.12.3.rel1.linux64_1.0.200.202406132123/tools/bin/../lib/gcc/arm-none-eabi/12.3.1/../../../../arm-none-eabi/lib/thumb/v6-m/nofp/libc_nano.a(libc_a-impure.o)
                0x20000024                _impure_data
 *(.RamFunc)
 *(.RamFunc*)
                0x20000070                        . = ALIGN (0x4)
                0x20000070                        _edata = .

.igot.plt       0x20000070        0x0 load address 0x08005b70
 .igot.plt      0x20000070        0x0 /opt/st/stm32cubeide_1.16.0/plugins/com.st.stm32cube.ide.mcu.externaltools.gnu-tools-for-stm32.12.3.rel1.linux64_1.0.200.202406132123/tools/bin/../lib/gcc/arm-none-eabi/12.3.1/thumb/v6-m/nofp/crtbegin.o
                0x20000070                        . = ALIGN (0x4)

.bss            0x20000070      0x3b8 load address 0x08005b70
                0x20000070                        _sbss = .
                0x20000070                        __bss_start__ = _sbss
 *(.bss)
 .bss           0x20000070       0x1c /opt/st/stm32cubeide_1.16.0/plugins/com.st.stm32cube.ide.mcu.externaltools.gnu-tools-for-stm32.12.3.rel1.linux64_1.0.200.202406132123/tools/bin/../lib/gcc/arm-none-eabi/12.3.1/thumb/v6-m/nofp/crtbegin.o
 *(.bss*)
 .bss.uwTick    0x2000008c        0x4 ./Drivers/STM32F0xx_HAL_Driver/Src/stm32f0xx_hal.o
                0x2000008c                uwTick
 .bss.hadc      0x20000090       0x40 ./Src/adc.o
                0x20000090                hadc
 .bss.currState.1
                0x200000d0        0x4 ./Src/anim_ball.o
 .bss.dirrection.0
                0x200000d4        0x1 ./Src/anim_ball.o
 *fill*         0x200000d5        0x3 
 .bss.matrix    0x200000d8       0x40 ./Src/anim_life.o
 .bss.world     0x20000118       0x80 ./Src/anim_life.o
 .bss.change    0x20000198        0x1 ./Src/anim_life.o
                0x20000198                change
 .bss.predeterminedDeath
                0x20000199        0x1 ./Src/anim_life.o
 *fill*         0x2000019a        0x2 
 .bss.iterations
                0x2000019c        0x4 ./Src/anim_life.o
 .bss.threeCells
                0x200001a0        0x4 ./Src/anim_life.o
 .bss.index.0   0x200001a4        0x1 ./Src/anim_name.o
 .bss.currCol.5
                0x200001a5        0x1 ./Src/anim_swipe.o
 .bss.currState.4
                0x200001a6        0x1 ./Src/anim_swipe.o
 .bss.currRow.3
                0x200001a7        0x1 ./Src/anim_swipe.o
 .bss.currIndex.2
                0x200001a8        0x1 ./Src/anim_swipe.o
 .bss.shifting.1
                0x200001a9        0x1 ./Src/anim_swipe.o
 .bss.counter.0
                0x200001aa        0x1 ./Src/anim_swipe.o
 *fill*         0x200001ab        0x1 
 .bss.gameRacer_level
                0x200001ac        0x4 ./Src/game_racer.o
                0x200001ac                gameRacer_level
 .bss.ts_lastExec.2
                0x200001b0        0x4 ./Src/game_racer.o
 .bss.ts_blinkingCar.1
                0x200001b4        0x4 ./Src/game_racer.o
 .bss.ts_btnListen.0
                0x200001b8        0x4 ./Src/game_racer.o
 .bss.currentAnimation
                0x200001bc        0x1 ./Src/main.o
                0x200001bc                currentAnimation
 *fill*         0x200001bd        0x3 
 .bss.schedulerTimestamp_updateName.0
                0x200001c0        0x4 ./Src/main.o
 .bss.screenBuffer
                0x200001c4       0x40 ./Src/screenBuffer.o
                0x200001c4                screenBuffer
 .bss.row.1     0x20000204        0x1 ./Src/screenBuffer.o
 .bss.col.0     0x20000205        0x1 ./Src/screenBuffer.o
 *fill*         0x20000206        0x2 
 .bss.__sbrk_heap_end
                0x20000208        0x4 ./Src/sysmem.o
 .bss.htim16    0x2000020c       0x48 ./Src/tim.o
                0x2000020c                htim16
 .bss.huart1    0x20000254       0x88 ./Src/usart.o
                0x20000254                huart1
 .bss.__sf      0x200002dc      0x138 /opt/st/stm32cubeide_1.16.0/plugins/com.st.stm32cube.ide.mcu.externaltools.gnu-tools-for-stm32.12.3.rel1.linux64_1.0.200.202406132123/tools/bin/../lib/gcc/arm-none-eabi/12.3.1/../../../../arm-none-eabi/lib/thumb/v6-m/nofp/libc_nano.a(libc_a-findfp.o)
                0x200002dc                __sf
 .bss.__stdio_exit_handler
                0x20000414        0x4 /opt/st/stm32cubeide_1.16.0/plugins/com.st.stm32cube.ide.mcu.externaltools.gnu-tools-for-stm32.12.3.rel1.linux64_1.0.200.202406132123/tools/bin/../lib/gcc/arm-none-eabi/12.3.1/../../../../arm-none-eabi/lib/thumb/v6-m/nofp/libc_nano.a(libc_a-findfp.o)
                0x20000414                __stdio_exit_handler
 .bss.errno     0x20000418        0x4 /opt/st/stm32cubeide_1.16.0/plugins/com.st.stm32cube.ide.mcu.externaltools.gnu-tools-for-stm32.12.3.rel1.linux64_1.0.200.202406132123/tools/bin/../lib/gcc/arm-none-eabi/12.3.1/../../../../arm-none-eabi/lib/thumb/v6-m/nofp/libc_nano.a(libc_a-reent.o)
                0x20000418                errno
 .bss.__lock___malloc_recursive_mutex
                0x2000041c        0x1 /opt/st/stm32cubeide_1.16.0/plugins/com.st.stm32cube.ide.mcu.externaltools.gnu-tools-for-stm32.12.3.rel1.linux64_1.0.200.202406132123/tools/bin/../lib/gcc/arm-none-eabi/12.3.1/../../../../arm-none-eabi/lib/thumb/v6-m/nofp/libc_nano.a(libc_a-lock.o)
                0x2000041c                __lock___malloc_recursive_mutex
 .bss.__lock___sfp_recursive_mutex
                0x2000041d        0x1 /opt/st/stm32cubeide_1.16.0/plugins/com.st.stm32cube.ide.mcu.externaltools.gnu-tools-for-stm32.12.3.rel1.linux64_1.0.200.202406132123/tools/bin/../lib/gcc/arm-none-eabi/12.3.1/../../../../arm-none-eabi/lib/thumb/v6-m/nofp/libc_nano.a(libc_a-lock.o)
                0x2000041d                __lock___sfp_recursive_mutex
 *fill*         0x2000041e        0x2 
 .bss.__malloc_sbrk_start
                0x20000420        0x4 /opt/st/stm32cubeide_1.16.0/plugins/com.st.stm32cube.ide.mcu.externaltools.gnu-tools-for-stm32.12.3.rel1.linux64_1.0.200.202406132123/tools/bin/../lib/gcc/arm-none-eabi/12.3.1/../../../../arm-none-eabi/lib/thumb/v6-m/nofp/libc_nano.a(libc_a-mallocr.o)
                0x20000420                __malloc_sbrk_start
 .bss.__malloc_free_list
                0x20000424        0x4 /opt/st/stm32cubeide_1.16.0/plugins/com.st.stm32cube.ide.mcu.externaltools.gnu-tools-for-stm32.12.3.rel1.linux64_1.0.200.202406132123/tools/bin/../lib/gcc/arm-none-eabi/12.3.1/../../../../arm-none-eabi/lib/thumb/v6-m/nofp/libc_nano.a(libc_a-mallocr.o)
                0x20000424                __malloc_free_list
 *(COMMON)
                0x20000428                        . = ALIGN (0x4)
                0x20000428                        _ebss = .
                0x20000428                        __bss_end__ = _ebss

._user_heap_stack
                0x20000428      0x600 load address 0x08005b70
                0x20000428                        . = ALIGN (0x8)
                [!provide]                        PROVIDE (end = .)
                0x20000428                        PROVIDE (_end = .)
                0x20000628                        . = (. + _Min_Heap_Size)
 *fill*         0x20000428      0x200 
                0x20000a28                        . = (. + _Min_Stack_Size)
 *fill*         0x20000628      0x400 
                0x20000a28                        . = ALIGN (0x8)

/DISCARD/
 libc.a(*)
 libm.a(*)
 libgcc.a(*)

.ARM.attributes
                0x00000000       0x28
 *(.ARM.attributes)
 .ARM.attributes
                0x00000000       0x1e /opt/st/stm32cubeide_1.16.0/plugins/com.st.stm32cube.ide.mcu.externaltools.gnu-tools-for-stm32.12.3.rel1.linux64_1.0.200.202406132123/tools/bin/../lib/gcc/arm-none-eabi/12.3.1/thumb/v6-m/nofp/crti.o
 .ARM.attributes
                0x0000001e       0x2c /opt/st/stm32cubeide_1.16.0/plugins/com.st.stm32cube.ide.mcu.externaltools.gnu-tools-for-stm32.12.3.rel1.linux64_1.0.200.202406132123/tools/bin/../lib/gcc/arm-none-eabi/12.3.1/thumb/v6-m/nofp/crtbegin.o
 .ARM.attributes
                0x0000004a       0x2c ./Drivers/STM32F0xx_HAL_Driver/Src/stm32f0xx_hal.o
 .ARM.attributes
                0x00000076       0x2c ./Drivers/STM32F0xx_HAL_Driver/Src/stm32f0xx_hal_adc.o
 .ARM.attributes
                0x000000a2       0x2c ./Drivers/STM32F0xx_HAL_Driver/Src/stm32f0xx_hal_cortex.o
 .ARM.attributes
                0x000000ce       0x2c ./Drivers/STM32F0xx_HAL_Driver/Src/stm32f0xx_hal_gpio.o
 .ARM.attributes
                0x000000fa       0x2c ./Drivers/STM32F0xx_HAL_Driver/Src/stm32f0xx_hal_rcc.o
 .ARM.attributes
                0x00000126       0x2c ./Drivers/STM32F0xx_HAL_Driver/Src/stm32f0xx_hal_rcc_ex.o
 .ARM.attributes
                0x00000152       0x2c ./Drivers/STM32F0xx_HAL_Driver/Src/stm32f0xx_hal_tim.o
 .ARM.attributes
                0x0000017e       0x2c ./Drivers/STM32F0xx_HAL_Driver/Src/stm32f0xx_hal_tim_ex.o
 .ARM.attributes
                0x000001aa       0x2c ./Drivers/STM32F0xx_HAL_Driver/Src/stm32f0xx_hal_uart.o
 .ARM.attributes
                0x000001d6       0x2c ./Src/adc.o
 .ARM.attributes
                0x00000202       0x2c ./Src/anim_ball.o
 .ARM.attributes
                0x0000022e       0x2c ./Src/anim_life.o
 .ARM.attributes
                0x0000025a       0x2c ./Src/anim_name.o
 .ARM.attributes
                0x00000286       0x2c ./Src/anim_random.o
 .ARM.attributes
                0x000002b2       0x2c ./Src/anim_swipe.o
 .ARM.attributes
                0x000002de       0x2c ./Src/game_racer.o
 .ARM.attributes
                0x0000030a       0x2c ./Src/gpio.o
 .ARM.attributes
                0x00000336       0x2c ./Src/ledHandler.o
 .ARM.attributes
                0x00000362       0x2c ./Src/main.o
 .ARM.attributes
                0x0000038e       0x2c ./Src/screenBuffer.o
 .ARM.attributes
                0x000003ba       0x2c ./Src/stm32f0xx_hal_msp.o
 .ARM.attributes
                0x000003e6       0x2c ./Src/stm32f0xx_it.o
 .ARM.attributes
                0x00000412       0x2c ./Src/syscalls.o
 .ARM.attributes
                0x0000043e       0x2c ./Src/sysmem.o
 .ARM.attributes
                0x0000046a       0x2c ./Src/system_stm32f0xx.o
 .ARM.attributes
                0x00000496       0x2c ./Src/tim.o
 .ARM.attributes
                0x000004c2       0x2c ./Src/usart.o
 .ARM.attributes
                0x000004ee       0x21 ./Startup/startup_stm32f030c8tx.o
 .ARM.attributes
                0x0000050f       0x2c /opt/st/stm32cubeide_1.16.0/plugins/com.st.stm32cube.ide.mcu.externaltools.gnu-tools-for-stm32.12.3.rel1.linux64_1.0.200.202406132123/tools/bin/../lib/gcc/arm-none-eabi/12.3.1/../../../../arm-none-eabi/lib/thumb/v6-m/nofp/libc_nano.a(libc_a-rand.o)
 .ARM.attributes
                0x0000053b       0x2c /opt/st/stm32cubeide_1.16.0/plugins/com.st.stm32cube.ide.mcu.externaltools.gnu-tools-for-stm32.12.3.rel1.linux64_1.0.200.202406132123/tools/bin/../lib/gcc/arm-none-eabi/12.3.1/../../../../arm-none-eabi/lib/thumb/v6-m/nofp/libc_nano.a(libc_a-findfp.o)
 .ARM.attributes
                0x00000567       0x2c /opt/st/stm32cubeide_1.16.0/plugins/com.st.stm32cube.ide.mcu.externaltools.gnu-tools-for-stm32.12.3.rel1.linux64_1.0.200.202406132123/tools/bin/../lib/gcc/arm-none-eabi/12.3.1/../../../../arm-none-eabi/lib/thumb/v6-m/nofp/libc_nano.a(libc_a-fwalk.o)
 .ARM.attributes
                0x00000593       0x2c /opt/st/stm32cubeide_1.16.0/plugins/com.st.stm32cube.ide.mcu.externaltools.gnu-tools-for-stm32.12.3.rel1.linux64_1.0.200.202406132123/tools/bin/../lib/gcc/arm-none-eabi/12.3.1/../../../../arm-none-eabi/lib/thumb/v6-m/nofp/libc_nano.a(libc_a-stdio.o)
 .ARM.attributes
                0x000005bf       0x2c /opt/st/stm32cubeide_1.16.0/plugins/com.st.stm32cube.ide.mcu.externaltools.gnu-tools-for-stm32.12.3.rel1.linux64_1.0.200.202406132123/tools/bin/../lib/gcc/arm-none-eabi/12.3.1/../../../../arm-none-eabi/lib/thumb/v6-m/nofp/libc_nano.a(libc_a-memset.o)
 .ARM.attributes
                0x000005eb       0x2c /opt/st/stm32cubeide_1.16.0/plugins/com.st.stm32cube.ide.mcu.externaltools.gnu-tools-for-stm32.12.3.rel1.linux64_1.0.200.202406132123/tools/bin/../lib/gcc/arm-none-eabi/12.3.1/../../../../arm-none-eabi/lib/thumb/v6-m/nofp/libc_nano.a(libc_a-closer.o)
 .ARM.attributes
                0x00000617       0x2c /opt/st/stm32cubeide_1.16.0/plugins/com.st.stm32cube.ide.mcu.externaltools.gnu-tools-for-stm32.12.3.rel1.linux64_1.0.200.202406132123/tools/bin/../lib/gcc/arm-none-eabi/12.3.1/../../../../arm-none-eabi/lib/thumb/v6-m/nofp/libc_nano.a(libc_a-reent.o)
 .ARM.attributes
                0x00000643       0x2c /opt/st/stm32cubeide_1.16.0/plugins/com.st.stm32cube.ide.mcu.externaltools.gnu-tools-for-stm32.12.3.rel1.linux64_1.0.200.202406132123/tools/bin/../lib/gcc/arm-none-eabi/12.3.1/../../../../arm-none-eabi/lib/thumb/v6-m/nofp/libc_nano.a(libc_a-impure.o)
 .ARM.attributes
                0x0000066f       0x2c /opt/st/stm32cubeide_1.16.0/plugins/com.st.stm32cube.ide.mcu.externaltools.gnu-tools-for-stm32.12.3.rel1.linux64_1.0.200.202406132123/tools/bin/../lib/gcc/arm-none-eabi/12.3.1/../../../../arm-none-eabi/lib/thumb/v6-m/nofp/libc_nano.a(libc_a-lseekr.o)
 .ARM.attributes
                0x0000069b       0x2c /opt/st/stm32cubeide_1.16.0/plugins/com.st.stm32cube.ide.mcu.externaltools.gnu-tools-for-stm32.12.3.rel1.linux64_1.0.200.202406132123/tools/bin/../lib/gcc/arm-none-eabi/12.3.1/../../../../arm-none-eabi/lib/thumb/v6-m/nofp/libc_nano.a(libc_a-readr.o)
 .ARM.attributes
                0x000006c7       0x2c /opt/st/stm32cubeide_1.16.0/plugins/com.st.stm32cube.ide.mcu.externaltools.gnu-tools-for-stm32.12.3.rel1.linux64_1.0.200.202406132123/tools/bin/../lib/gcc/arm-none-eabi/12.3.1/../../../../arm-none-eabi/lib/thumb/v6-m/nofp/libc_nano.a(libc_a-writer.o)
 .ARM.attributes
                0x000006f3       0x2c /opt/st/stm32cubeide_1.16.0/plugins/com.st.stm32cube.ide.mcu.externaltools.gnu-tools-for-stm32.12.3.rel1.linux64_1.0.200.202406132123/tools/bin/../lib/gcc/arm-none-eabi/12.3.1/../../../../arm-none-eabi/lib/thumb/v6-m/nofp/libc_nano.a(libc_a-errno.o)
 .ARM.attributes
                0x0000071f       0x2c /opt/st/stm32cubeide_1.16.0/plugins/com.st.stm32cube.ide.mcu.externaltools.gnu-tools-for-stm32.12.3.rel1.linux64_1.0.200.202406132123/tools/bin/../lib/gcc/arm-none-eabi/12.3.1/../../../../arm-none-eabi/lib/thumb/v6-m/nofp/libc_nano.a(libc_a-init.o)
 .ARM.attributes
                0x0000074b       0x2c /opt/st/stm32cubeide_1.16.0/plugins/com.st.stm32cube.ide.mcu.externaltools.gnu-tools-for-stm32.12.3.rel1.linux64_1.0.200.202406132123/tools/bin/../lib/gcc/arm-none-eabi/12.3.1/../../../../arm-none-eabi/lib/thumb/v6-m/nofp/libc_nano.a(libc_a-lock.o)
 .ARM.attributes
                0x00000777       0x1c /opt/st/stm32cubeide_1.16.0/plugins/com.st.stm32cube.ide.mcu.externaltools.gnu-tools-for-stm32.12.3.rel1.linux64_1.0.200.202406132123/tools/bin/../lib/gcc/arm-none-eabi/12.3.1/../../../../arm-none-eabi/lib/thumb/v6-m/nofp/libc_nano.a(libc_a-strlen.o)
 .ARM.attributes
                0x00000793       0x2c /opt/st/stm32cubeide_1.16.0/plugins/com.st.stm32cube.ide.mcu.externaltools.gnu-tools-for-stm32.12.3.rel1.linux64_1.0.200.202406132123/tools/bin/../lib/gcc/arm-none-eabi/12.3.1/../../../../arm-none-eabi/lib/thumb/v6-m/nofp/libc_nano.a(libc_a-assert.o)
 .ARM.attributes
                0x000007bf       0x2c /opt/st/stm32cubeide_1.16.0/plugins/com.st.stm32cube.ide.mcu.externaltools.gnu-tools-for-stm32.12.3.rel1.linux64_1.0.200.202406132123/tools/bin/../lib/gcc/arm-none-eabi/12.3.1/../../../../arm-none-eabi/lib/thumb/v6-m/nofp/libc_nano.a(libc_a-freer.o)
 .ARM.attributes
                0x000007eb       0x2c /opt/st/stm32cubeide_1.16.0/plugins/com.st.stm32cube.ide.mcu.externaltools.gnu-tools-for-stm32.12.3.rel1.linux64_1.0.200.202406132123/tools/bin/../lib/gcc/arm-none-eabi/12.3.1/../../../../arm-none-eabi/lib/thumb/v6-m/nofp/libc_nano.a(libc_a-malloc.o)
 .ARM.attributes
                0x00000817       0x2c /opt/st/stm32cubeide_1.16.0/plugins/com.st.stm32cube.ide.mcu.externaltools.gnu-tools-for-stm32.12.3.rel1.linux64_1.0.200.202406132123/tools/bin/../lib/gcc/arm-none-eabi/12.3.1/../../../../arm-none-eabi/lib/thumb/v6-m/nofp/libc_nano.a(libc_a-mallocr.o)
 .ARM.attributes
                0x00000843       0x2c /opt/st/stm32cubeide_1.16.0/plugins/com.st.stm32cube.ide.mcu.externaltools.gnu-tools-for-stm32.12.3.rel1.linux64_1.0.200.202406132123/tools/bin/../lib/gcc/arm-none-eabi/12.3.1/../../../../arm-none-eabi/lib/thumb/v6-m/nofp/libc_nano.a(libc_a-mlock.o)
 .ARM.attributes
                0x0000086f       0x2c /opt/st/stm32cubeide_1.16.0/plugins/com.st.stm32cube.ide.mcu.externaltools.gnu-tools-for-stm32.12.3.rel1.linux64_1.0.200.202406132123/tools/bin/../lib/gcc/arm-none-eabi/12.3.1/../../../../arm-none-eabi/lib/thumb/v6-m/nofp/libc_nano.a(libc_a-fflush.o)
 .ARM.attributes
                0x0000089b       0x2c /opt/st/stm32cubeide_1.16.0/plugins/com.st.stm32cube.ide.mcu.externaltools.gnu-tools-for-stm32.12.3.rel1.linux64_1.0.200.202406132123/tools/bin/../lib/gcc/arm-none-eabi/12.3.1/../../../../arm-none-eabi/lib/thumb/v6-m/nofp/libc_nano.a(libc_a-fprintf.o)
 .ARM.attributes
                0x000008c7       0x2c /opt/st/stm32cubeide_1.16.0/plugins/com.st.stm32cube.ide.mcu.externaltools.gnu-tools-for-stm32.12.3.rel1.linux64_1.0.200.202406132123/tools/bin/../lib/gcc/arm-none-eabi/12.3.1/../../../../arm-none-eabi/lib/thumb/v6-m/nofp/libc_nano.a(libc_a-sbrkr.o)
 .ARM.attributes
                0x000008f3       0x2c /opt/st/stm32cubeide_1.16.0/plugins/com.st.stm32cube.ide.mcu.externaltools.gnu-tools-for-stm32.12.3.rel1.linux64_1.0.200.202406132123/tools/bin/../lib/gcc/arm-none-eabi/12.3.1/../../../../arm-none-eabi/lib/thumb/v6-m/nofp/libc_nano.a(libc_a-abort.o)
 .ARM.attributes
                0x0000091f       0x2c /opt/st/stm32cubeide_1.16.0/plugins/com.st.stm32cube.ide.mcu.externaltools.gnu-tools-for-stm32.12.3.rel1.linux64_1.0.200.202406132123/tools/bin/../lib/gcc/arm-none-eabi/12.3.1/../../../../arm-none-eabi/lib/thumb/v6-m/nofp/libc_nano.a(libc_a-nano-vfprintf.o)
 .ARM.attributes
                0x0000094b       0x2c /opt/st/stm32cubeide_1.16.0/plugins/com.st.stm32cube.ide.mcu.externaltools.gnu-tools-for-stm32.12.3.rel1.linux64_1.0.200.202406132123/tools/bin/../lib/gcc/arm-none-eabi/12.3.1/../../../../arm-none-eabi/lib/thumb/v6-m/nofp/libc_nano.a(libc_a-nano-vfprintf_i.o)
 .ARM.attributes
                0x00000977       0x2c /opt/st/stm32cubeide_1.16.0/plugins/com.st.stm32cube.ide.mcu.externaltools.gnu-tools-for-stm32.12.3.rel1.linux64_1.0.200.202406132123/tools/bin/../lib/gcc/arm-none-eabi/12.3.1/../../../../arm-none-eabi/lib/thumb/v6-m/nofp/libc_nano.a(libc_a-wbuf.o)
 .ARM.attributes
                0x000009a3       0x2c /opt/st/stm32cubeide_1.16.0/plugins/com.st.stm32cube.ide.mcu.externaltools.gnu-tools-for-stm32.12.3.rel1.linux64_1.0.200.202406132123/tools/bin/../lib/gcc/arm-none-eabi/12.3.1/../../../../arm-none-eabi/lib/thumb/v6-m/nofp/libc_nano.a(libc_a-wsetup.o)
 .ARM.attributes
                0x000009cf       0x2c /opt/st/stm32cubeide_1.16.0/plugins/com.st.stm32cube.ide.mcu.externaltools.gnu-tools-for-stm32.12.3.rel1.linux64_1.0.200.202406132123/tools/bin/../lib/gcc/arm-none-eabi/12.3.1/../../../../arm-none-eabi/lib/thumb/v6-m/nofp/libc_nano.a(libc_a-signal.o)
 .ARM.attributes
                0x000009fb       0x2c /opt/st/stm32cubeide_1.16.0/plugins/com.st.stm32cube.ide.mcu.externaltools.gnu-tools-for-stm32.12.3.rel1.linux64_1.0.200.202406132123/tools/bin/../lib/gcc/arm-none-eabi/12.3.1/../../../../arm-none-eabi/lib/thumb/v6-m/nofp/libc_nano.a(libc_a-signalr.o)
 .ARM.attributes
                0x00000a27       0x2c /opt/st/stm32cubeide_1.16.0/plugins/com.st.stm32cube.ide.mcu.externaltools.gnu-tools-for-stm32.12.3.rel1.linux64_1.0.200.202406132123/tools/bin/../lib/gcc/arm-none-eabi/12.3.1/../../../../arm-none-eabi/lib/thumb/v6-m/nofp/libc_nano.a(libc_a-memchr-stub.o)
 .ARM.attributes
                0x00000a53       0x2c /opt/st/stm32cubeide_1.16.0/plugins/com.st.stm32cube.ide.mcu.externaltools.gnu-tools-for-stm32.12.3.rel1.linux64_1.0.200.202406132123/tools/bin/../lib/gcc/arm-none-eabi/12.3.1/../../../../arm-none-eabi/lib/thumb/v6-m/nofp/libc_nano.a(libc_a-makebuf.o)
 .ARM.attributes
                0x00000a7f       0x2c /opt/st/stm32cubeide_1.16.0/plugins/com.st.stm32cube.ide.mcu.externaltools.gnu-tools-for-stm32.12.3.rel1.linux64_1.0.200.202406132123/tools/bin/../lib/gcc/arm-none-eabi/12.3.1/../../../../arm-none-eabi/lib/thumb/v6-m/nofp/libc_nano.a(libc_a-fstatr.o)
 .ARM.attributes
                0x00000aab       0x2c /opt/st/stm32cubeide_1.16.0/plugins/com.st.stm32cube.ide.mcu.externaltools.gnu-tools-for-stm32.12.3.rel1.linux64_1.0.200.202406132123/tools/bin/../lib/gcc/arm-none-eabi/12.3.1/../../../../arm-none-eabi/lib/thumb/v6-m/nofp/libc_nano.a(libc_a-isattyr.o)
 .ARM.attributes
                0x00000ad7       0x1e /opt/st/stm32cubeide_1.16.0/plugins/com.st.stm32cube.ide.mcu.externaltools.gnu-tools-for-stm32.12.3.rel1.linux64_1.0.200.202406132123/tools/bin/../lib/gcc/arm-none-eabi/12.3.1/thumb/v6-m/nofp/libgcc.a(_thumb1_case_shi.o)
 .ARM.attributes
                0x00000af5       0x1e /opt/st/stm32cubeide_1.16.0/plugins/com.st.stm32cube.ide.mcu.externaltools.gnu-tools-for-stm32.12.3.rel1.linux64_1.0.200.202406132123/tools/bin/../lib/gcc/arm-none-eabi/12.3.1/thumb/v6-m/nofp/libgcc.a(_udivsi3.o)
 .ARM.attributes
                0x00000b13       0x1e /opt/st/stm32cubeide_1.16.0/plugins/com.st.stm32cube.ide.mcu.externaltools.gnu-tools-for-stm32.12.3.rel1.linux64_1.0.200.202406132123/tools/bin/../lib/gcc/arm-none-eabi/12.3.1/thumb/v6-m/nofp/libgcc.a(_divsi3.o)
 .ARM.attributes
                0x00000b31       0x1e /opt/st/stm32cubeide_1.16.0/plugins/com.st.stm32cube.ide.mcu.externaltools.gnu-tools-for-stm32.12.3.rel1.linux64_1.0.200.202406132123/tools/bin/../lib/gcc/arm-none-eabi/12.3.1/thumb/v6-m/nofp/libgcc.a(_dvmd_tls.o)
 .ARM.attributes
                0x00000b4f       0x2c /opt/st/stm32cubeide_1.16.0/plugins/com.st.stm32cube.ide.mcu.externaltools.gnu-tools-for-stm32.12.3.rel1.linux64_1.0.200.202406132123/tools/bin/../lib/gcc/arm-none-eabi/12.3.1/thumb/v6-m/nofp/libgcc.a(_muldi3.o)
 .ARM.attributes
                0x00000b7b       0x1e /opt/st/stm32cubeide_1.16.0/plugins/com.st.stm32cube.ide.mcu.externaltools.gnu-tools-for-stm32.12.3.rel1.linux64_1.0.200.202406132123/tools/bin/../lib/gcc/arm-none-eabi/12.3.1/thumb/v6-m/nofp/crtn.o
OUTPUT(defcon32.elf elf32-littlearm)
LOAD linker stubs
LOAD /opt/st/stm32cubeide_1.16.0/plugins/com.st.stm32cube.ide.mcu.externaltools.gnu-tools-for-stm32.12.3.rel1.linux64_1.0.200.202406132123/tools/bin/../lib/gcc/arm-none-eabi/12.3.1/../../../../arm-none-eabi/lib/thumb/v6-m/nofp/libc.a
LOAD /opt/st/stm32cubeide_1.16.0/plugins/com.st.stm32cube.ide.mcu.externaltools.gnu-tools-for-stm32.12.3.rel1.linux64_1.0.200.202406132123/tools/bin/../lib/gcc/arm-none-eabi/12.3.1/../../../../arm-none-eabi/lib/thumb/v6-m/nofp/libm.a
LOAD /opt/st/stm32cubeide_1.16.0/plugins/com.st.stm32cube.ide.mcu.externaltools.gnu-tools-for-stm32.12.3.rel1.linux64_1.0.200.202406132123/tools/bin/../lib/gcc/arm-none-eabi/12.3.1/thumb/v6-m/nofp/libgcc.a

.debug_info     0x00000000     0xf436
 .debug_info    0x00000000      0x670 ./Drivers/STM32F0xx_HAL_Driver/Src/stm32f0xx_hal.o
 .debug_info    0x00000670      0xc70 ./Drivers/STM32F0xx_HAL_Driver/Src/stm32f0xx_hal_adc.o
 .debug_info    0x000012e0      0x69b ./Drivers/STM32F0xx_HAL_Driver/Src/stm32f0xx_hal_cortex.o
 .debug_info    0x0000197b      0x5c3 ./Drivers/STM32F0xx_HAL_Driver/Src/stm32f0xx_hal_gpio.o
 .debug_info    0x00001f3e      0x844 ./Drivers/STM32F0xx_HAL_Driver/Src/stm32f0xx_hal_rcc.o
 .debug_info    0x00002782      0x35d ./Drivers/STM32F0xx_HAL_Driver/Src/stm32f0xx_hal_rcc_ex.o
 .debug_info    0x00002adf     0x2928 ./Drivers/STM32F0xx_HAL_Driver/Src/stm32f0xx_hal_tim.o
 .debug_info    0x00005407     0x1488 ./Drivers/STM32F0xx_HAL_Driver/Src/stm32f0xx_hal_tim_ex.o
 .debug_info    0x0000688f     0x3a2a ./Drivers/STM32F0xx_HAL_Driver/Src/stm32f0xx_hal_uart.o
 .debug_info    0x0000a2b9      0x85f ./Src/adc.o
 .debug_info    0x0000ab18      0x180 ./Src/anim_ball.o
 .debug_info    0x0000ac98      0x341 ./Src/anim_life.o
 .debug_info    0x0000afd9      0x166 ./Src/anim_name.o
 .debug_info    0x0000b13f      0x14a ./Src/anim_random.o
 .debug_info    0x0000b289      0x1e1 ./Src/anim_swipe.o
 .debug_info    0x0000b46a      0x451 ./Src/game_racer.o
 .debug_info    0x0000b8bb      0x32c ./Src/gpio.o
 .debug_info    0x0000bbe7      0x1ee ./Src/ledHandler.o
 .debug_info    0x0000bdd5      0xdc0 ./Src/main.o
 .debug_info    0x0000cb95      0x448 ./Src/screenBuffer.o
 .debug_info    0x0000cfdd      0x1a0 ./Src/stm32f0xx_hal_msp.o
 .debug_info    0x0000d17d      0x684 ./Src/stm32f0xx_it.o
 .debug_info    0x0000d801      0x6a3 ./Src/syscalls.o
 .debug_info    0x0000dea4      0x168 ./Src/sysmem.o
 .debug_info    0x0000e00c      0x242 ./Src/system_stm32f0xx.o
 .debug_info    0x0000e24e      0x883 ./Src/tim.o
 .debug_info    0x0000ead1      0x935 ./Src/usart.o
 .debug_info    0x0000f406       0x30 ./Startup/startup_stm32f030c8tx.o

.debug_abbrev   0x00000000     0x2dcd
 .debug_abbrev  0x00000000      0x24b ./Drivers/STM32F0xx_HAL_Driver/Src/stm32f0xx_hal.o
 .debug_abbrev  0x0000024b      0x210 ./Drivers/STM32F0xx_HAL_Driver/Src/stm32f0xx_hal_adc.o
 .debug_abbrev  0x0000045b      0x28c ./Drivers/STM32F0xx_HAL_Driver/Src/stm32f0xx_hal_cortex.o
 .debug_abbrev  0x000006e7      0x1c8 ./Drivers/STM32F0xx_HAL_Driver/Src/stm32f0xx_hal_gpio.o
 .debug_abbrev  0x000008af      0x28b ./Drivers/STM32F0xx_HAL_Driver/Src/stm32f0xx_hal_rcc.o
 .debug_abbrev  0x00000b3a      0x16f ./Drivers/STM32F0xx_HAL_Driver/Src/stm32f0xx_hal_rcc_ex.o
 .debug_abbrev  0x00000ca9      0x28c ./Drivers/STM32F0xx_HAL_Driver/Src/stm32f0xx_hal_tim.o
 .debug_abbrev  0x00000f35      0x297 ./Drivers/STM32F0xx_HAL_Driver/Src/stm32f0xx_hal_tim_ex.o
 .debug_abbrev  0x000011cc      0x2cc ./Drivers/STM32F0xx_HAL_Driver/Src/stm32f0xx_hal_uart.o
 .debug_abbrev  0x00001498      0x1ee ./Src/adc.o
 .debug_abbrev  0x00001686       0xd5 ./Src/anim_ball.o
 .debug_abbrev  0x0000175b      0x14b ./Src/anim_life.o
 .debug_abbrev  0x000018a6       0xe1 ./Src/anim_name.o
 .debug_abbrev  0x00001987       0xd7 ./Src/anim_random.o
 .debug_abbrev  0x00001a5e       0xe0 ./Src/anim_swipe.o
 .debug_abbrev  0x00001b3e      0x1fb ./Src/game_racer.o
 .debug_abbrev  0x00001d39      0x14d ./Src/gpio.o
 .debug_abbrev  0x00001e86      0x10f ./Src/ledHandler.o
 .debug_abbrev  0x00001f95      0x29f ./Src/main.o
 .debug_abbrev  0x00002234      0x144 ./Src/screenBuffer.o
 .debug_abbrev  0x00002378       0xc6 ./Src/stm32f0xx_hal_msp.o
 .debug_abbrev  0x0000243e      0x1e5 ./Src/stm32f0xx_it.o
 .debug_abbrev  0x00002623      0x1b6 ./Src/syscalls.o
 .debug_abbrev  0x000027d9       0xbc ./Src/sysmem.o
 .debug_abbrev  0x00002895      0x11c ./Src/system_stm32f0xx.o
 .debug_abbrev  0x000029b1      0x202 ./Src/tim.o
 .debug_abbrev  0x00002bb3      0x1f6 ./Src/usart.o
 .debug_abbrev  0x00002da9       0x24 ./Startup/startup_stm32f030c8tx.o

.debug_aranges  0x00000000      0xf08
 .debug_aranges
                0x00000000       0xd0 ./Drivers/STM32F0xx_HAL_Driver/Src/stm32f0xx_hal.o
 .debug_aranges
                0x000000d0       0xf8 ./Drivers/STM32F0xx_HAL_Driver/Src/stm32f0xx_hal_adc.o
 .debug_aranges
                0x000001c8       0xc0 ./Drivers/STM32F0xx_HAL_Driver/Src/stm32f0xx_hal_cortex.o
 .debug_aranges
                0x00000288       0x58 ./Drivers/STM32F0xx_HAL_Driver/Src/stm32f0xx_hal_gpio.o
 .debug_aranges
                0x000002e0       0x80 ./Drivers/STM32F0xx_HAL_Driver/Src/stm32f0xx_hal_rcc.o
 .debug_aranges
                0x00000360       0x30 ./Drivers/STM32F0xx_HAL_Driver/Src/stm32f0xx_hal_rcc_ex.o
 .debug_aranges
                0x00000390      0x3d0 ./Drivers/STM32F0xx_HAL_Driver/Src/stm32f0xx_hal_tim.o
 .debug_aranges
                0x00000760      0x168 ./Drivers/STM32F0xx_HAL_Driver/Src/stm32f0xx_hal_tim_ex.o
 .debug_aranges
                0x000008c8      0x218 ./Drivers/STM32F0xx_HAL_Driver/Src/stm32f0xx_hal_uart.o
 .debug_aranges
                0x00000ae0       0x30 ./Src/adc.o
 .debug_aranges
                0x00000b10       0x20 ./Src/anim_ball.o
 .debug_aranges
                0x00000b30       0x38 ./Src/anim_life.o
 .debug_aranges
                0x00000b68       0x20 ./Src/anim_name.o
 .debug_aranges
                0x00000b88       0x20 ./Src/anim_random.o
 .debug_aranges
                0x00000ba8       0x40 ./Src/anim_swipe.o
 .debug_aranges
                0x00000be8       0x58 ./Src/game_racer.o
 .debug_aranges
                0x00000c40       0x20 ./Src/gpio.o
 .debug_aranges
                0x00000c60       0x28 ./Src/ledHandler.o
 .debug_aranges
                0x00000c88       0x38 ./Src/main.o
 .debug_aranges
                0x00000cc0       0x60 ./Src/screenBuffer.o
 .debug_aranges
                0x00000d20       0x20 ./Src/stm32f0xx_hal_msp.o
 .debug_aranges
                0x00000d40       0x50 ./Src/stm32f0xx_it.o
 .debug_aranges
                0x00000d90       0xa8 ./Src/syscalls.o
 .debug_aranges
                0x00000e38       0x20 ./Src/sysmem.o
 .debug_aranges
                0x00000e58       0x28 ./Src/system_stm32f0xx.o
 .debug_aranges
                0x00000e80       0x30 ./Src/tim.o
 .debug_aranges
                0x00000eb0       0x30 ./Src/usart.o
 .debug_aranges
                0x00000ee0       0x28 ./Startup/startup_stm32f030c8tx.o

.debug_rnglists
                0x00000000      0xb8e
 .debug_rnglists
                0x00000000       0x97 ./Drivers/STM32F0xx_HAL_Driver/Src/stm32f0xx_hal.o
 .debug_rnglists
                0x00000097       0xc6 ./Drivers/STM32F0xx_HAL_Driver/Src/stm32f0xx_hal_adc.o
 .debug_rnglists
                0x0000015d       0x8c ./Drivers/STM32F0xx_HAL_Driver/Src/stm32f0xx_hal_cortex.o
 .debug_rnglists
                0x000001e9       0x3f ./Drivers/STM32F0xx_HAL_Driver/Src/stm32f0xx_hal_gpio.o
 .debug_rnglists
                0x00000228       0x60 ./Drivers/STM32F0xx_HAL_Driver/Src/stm32f0xx_hal_rcc.o
 .debug_rnglists
                0x00000288       0x21 ./Drivers/STM32F0xx_HAL_Driver/Src/stm32f0xx_hal_rcc_ex.o
 .debug_rnglists
                0x000002a9      0x31c ./Drivers/STM32F0xx_HAL_Driver/Src/stm32f0xx_hal_tim.o
 .debug_rnglists
                0x000005c5      0x126 ./Drivers/STM32F0xx_HAL_Driver/Src/stm32f0xx_hal_tim_ex.o
 .debug_rnglists
                0x000006eb      0x1ce ./Drivers/STM32F0xx_HAL_Driver/Src/stm32f0xx_hal_uart.o
 .debug_rnglists
                0x000008b9       0x21 ./Src/adc.o
 .debug_rnglists
                0x000008da       0x14 ./Src/anim_ball.o
 .debug_rnglists
                0x000008ee       0x28 ./Src/anim_life.o
 .debug_rnglists
                0x00000916       0x13 ./Src/anim_name.o
 .debug_rnglists
                0x00000929       0x13 ./Src/anim_random.o
 .debug_rnglists
                0x0000093c       0x2c ./Src/anim_swipe.o
 .debug_rnglists
                0x00000968       0x42 ./Src/game_racer.o
 .debug_rnglists
                0x000009aa       0x14 ./Src/gpio.o
 .debug_rnglists
                0x000009be       0x19 ./Src/ledHandler.o
 .debug_rnglists
                0x000009d7       0x28 ./Src/main.o
 .debug_rnglists
                0x000009ff       0x47 ./Src/screenBuffer.o
 .debug_rnglists
                0x00000a46       0x13 ./Src/stm32f0xx_hal_msp.o
 .debug_rnglists
                0x00000a59       0x37 ./Src/stm32f0xx_it.o
 .debug_rnglists
                0x00000a90       0x79 ./Src/syscalls.o
 .debug_rnglists
                0x00000b09       0x13 ./Src/sysmem.o
 .debug_rnglists
                0x00000b1c       0x1a ./Src/system_stm32f0xx.o
 .debug_rnglists
                0x00000b36       0x1f ./Src/tim.o
 .debug_rnglists
                0x00000b55       0x20 ./Src/usart.o
 .debug_rnglists
                0x00000b75       0x19 ./Startup/startup_stm32f030c8tx.o

.debug_macro    0x00000000    0x142e1
 .debug_macro   0x00000000      0x1f9 ./Drivers/STM32F0xx_HAL_Driver/Src/stm32f0xx_hal.o
 .debug_macro   0x000001f9      0xa8a ./Drivers/STM32F0xx_HAL_Driver/Src/stm32f0xx_hal.o
 .debug_macro   0x00000c83      0x139 ./Drivers/STM32F0xx_HAL_Driver/Src/stm32f0xx_hal.o
 .debug_macro   0x00000dbc       0x2e ./Drivers/STM32F0xx_HAL_Driver/Src/stm32f0xx_hal.o
 .debug_macro   0x00000dea       0x22 ./Drivers/STM32F0xx_HAL_Driver/Src/stm32f0xx_hal.o
 .debug_macro   0x00000e0c       0x22 ./Drivers/STM32F0xx_HAL_Driver/Src/stm32f0xx_hal.o
 .debug_macro   0x00000e2e       0x8e ./Drivers/STM32F0xx_HAL_Driver/Src/stm32f0xx_hal.o
 .debug_macro   0x00000ebc       0x51 ./Drivers/STM32F0xx_HAL_Driver/Src/stm32f0xx_hal.o
 .debug_macro   0x00000f0d      0x103 ./Drivers/STM32F0xx_HAL_Driver/Src/stm32f0xx_hal.o
 .debug_macro   0x00001010       0x6a ./Drivers/STM32F0xx_HAL_Driver/Src/stm32f0xx_hal.o
 .debug_macro   0x0000107a      0x1df ./Drivers/STM32F0xx_HAL_Driver/Src/stm32f0xx_hal.o
 .debug_macro   0x00001259       0x1c ./Drivers/STM32F0xx_HAL_Driver/Src/stm32f0xx_hal.o
 .debug_macro   0x00001275       0x22 ./Drivers/STM32F0xx_HAL_Driver/Src/stm32f0xx_hal.o
 .debug_macro   0x00001297       0xaf ./Drivers/STM32F0xx_HAL_Driver/Src/stm32f0xx_hal.o
 .debug_macro   0x00001346      0x391 ./Drivers/STM32F0xx_HAL_Driver/Src/stm32f0xx_hal.o
 .debug_macro   0x000016d7     0x6f47 ./Drivers/STM32F0xx_HAL_Driver/Src/stm32f0xx_hal.o
 .debug_macro   0x0000861e       0x66 ./Drivers/STM32F0xx_HAL_Driver/Src/stm32f0xx_hal.o
 .debug_macro   0x00008684     0x34be ./Drivers/STM32F0xx_HAL_Driver/Src/stm32f0xx_hal.o
 .debug_macro   0x0000bb42      0x189 ./Drivers/STM32F0xx_HAL_Driver/Src/stm32f0xx_hal.o
 .debug_macro   0x0000bccb       0x55 ./Drivers/STM32F0xx_HAL_Driver/Src/stm32f0xx_hal.o
 .debug_macro   0x0000bd20      0x924 ./Drivers/STM32F0xx_HAL_Driver/Src/stm32f0xx_hal.o
 .debug_macro   0x0000c644      0x17f ./Drivers/STM32F0xx_HAL_Driver/Src/stm32f0xx_hal.o
 .debug_macro   0x0000c7c3      0x1ae ./Drivers/STM32F0xx_HAL_Driver/Src/stm32f0xx_hal.o
 .debug_macro   0x0000c971       0xd8 ./Drivers/STM32F0xx_HAL_Driver/Src/stm32f0xx_hal.o
 .debug_macro   0x0000ca49      0x1a0 ./Drivers/STM32F0xx_HAL_Driver/Src/stm32f0xx_hal.o
 .debug_macro   0x0000cbe9      0x1ed ./Drivers/STM32F0xx_HAL_Driver/Src/stm32f0xx_hal.o
 .debug_macro   0x0000cdd6       0x34 ./Drivers/STM32F0xx_HAL_Driver/Src/stm32f0xx_hal.o
 .debug_macro   0x0000ce0a       0x43 ./Drivers/STM32F0xx_HAL_Driver/Src/stm32f0xx_hal.o
 .debug_macro   0x0000ce4d       0x28 ./Drivers/STM32F0xx_HAL_Driver/Src/stm32f0xx_hal.o
 .debug_macro   0x0000ce75      0x33d ./Drivers/STM32F0xx_HAL_Driver/Src/stm32f0xx_hal.o
 .debug_macro   0x0000d1b2       0xc2 ./Drivers/STM32F0xx_HAL_Driver/Src/stm32f0xx_hal.o
 .debug_macro   0x0000d274       0xb0 ./Drivers/STM32F0xx_HAL_Driver/Src/stm32f0xx_hal.o
 .debug_macro   0x0000d324      0x199 ./Drivers/STM32F0xx_HAL_Driver/Src/stm32f0xx_hal.o
 .debug_macro   0x0000d4bd      0x22c ./Drivers/STM32F0xx_HAL_Driver/Src/stm32f0xx_hal.o
 .debug_macro   0x0000d6e9       0x61 ./Drivers/STM32F0xx_HAL_Driver/Src/stm32f0xx_hal.o
 .debug_macro   0x0000d74a       0xa5 ./Drivers/STM32F0xx_HAL_Driver/Src/stm32f0xx_hal.o
 .debug_macro   0x0000d7ef       0x4c ./Drivers/STM32F0xx_HAL_Driver/Src/stm32f0xx_hal.o
 .debug_macro   0x0000d83b       0x2b ./Drivers/STM32F0xx_HAL_Driver/Src/stm32f0xx_hal.o
 .debug_macro   0x0000d866      0x8f4 ./Drivers/STM32F0xx_HAL_Driver/Src/stm32f0xx_hal.o
 .debug_macro   0x0000e15a       0x28 ./Drivers/STM32F0xx_HAL_Driver/Src/stm32f0xx_hal.o
 .debug_macro   0x0000e182      0x56d ./Drivers/STM32F0xx_HAL_Driver/Src/stm32f0xx_hal.o
 .debug_macro   0x0000e6ef       0x3e ./Drivers/STM32F0xx_HAL_Driver/Src/stm32f0xx_hal.o
 .debug_macro   0x0000e72d       0xff ./Drivers/STM32F0xx_HAL_Driver/Src/stm32f0xx_hal.o
 .debug_macro   0x0000e82c      0x1f9 ./Drivers/STM32F0xx_HAL_Driver/Src/stm32f0xx_hal_adc.o
 .debug_macro   0x0000ea25      0x1d5 ./Drivers/STM32F0xx_HAL_Driver/Src/stm32f0xx_hal_cortex.o
 .debug_macro   0x0000ebfa      0x1dc ./Drivers/STM32F0xx_HAL_Driver/Src/stm32f0xx_hal_gpio.o
 .debug_macro   0x0000edd6      0x1e7 ./Drivers/STM32F0xx_HAL_Driver/Src/stm32f0xx_hal_rcc.o
 .debug_macro   0x0000efbd      0x1d5 ./Drivers/STM32F0xx_HAL_Driver/Src/stm32f0xx_hal_rcc_ex.o
 .debug_macro   0x0000f192      0x1d6 ./Drivers/STM32F0xx_HAL_Driver/Src/stm32f0xx_hal_tim.o
 .debug_macro   0x0000f368      0x1d5 ./Drivers/STM32F0xx_HAL_Driver/Src/stm32f0xx_hal_tim_ex.o
 .debug_macro   0x0000f53d      0x1f2 ./Drivers/STM32F0xx_HAL_Driver/Src/stm32f0xx_hal_uart.o
 .debug_macro   0x0000f72f      0x2fa ./Src/adc.o
 .debug_macro   0x0000fa29       0x61 ./Src/adc.o
 .debug_macro   0x0000fa8a       0x24 ./Src/adc.o
 .debug_macro   0x0000faae       0x43 ./Src/adc.o
 .debug_macro   0x0000faf1       0x34 ./Src/adc.o
 .debug_macro   0x0000fb25       0x16 ./Src/adc.o
 .debug_macro   0x0000fb3b       0x35 ./Src/adc.o
 .debug_macro   0x0000fb70      0x369 ./Src/adc.o
 .debug_macro   0x0000fed9       0x10 ./Src/adc.o
 .debug_macro   0x0000fee9       0x16 ./Src/adc.o
 .debug_macro   0x0000feff       0x43 ./Src/adc.o
 .debug_macro   0x0000ff42       0x34 ./Src/adc.o
 .debug_macro   0x0000ff76       0x10 ./Src/adc.o
 .debug_macro   0x0000ff86       0x58 ./Src/adc.o
 .debug_macro   0x0000ffde       0x8e ./Src/adc.o
 .debug_macro   0x0001006c       0x1c ./Src/adc.o
 .debug_macro   0x00010088      0x177 ./Src/adc.o
 .debug_macro   0x000101ff       0x16 ./Src/adc.o
 .debug_macro   0x00010215       0x16 ./Src/adc.o
 .debug_macro   0x0001022b      0x146 ./Src/adc.o
 .debug_macro   0x00010371       0x16 ./Src/adc.o
 .debug_macro   0x00010387       0x16 ./Src/adc.o
 .debug_macro   0x0001039d       0x29 ./Src/adc.o
 .debug_macro   0x000103c6       0xd0 ./Src/adc.o
 .debug_macro   0x00010496      0x2f4 ./Src/anim_ball.o
 .debug_macro   0x0001078a      0x2fa ./Src/anim_life.o
 .debug_macro   0x00010a84      0x32d ./Src/anim_name.o
 .debug_macro   0x00010db1      0x23e ./Src/anim_name.o
 .debug_macro   0x00010fef       0x16 ./Src/anim_name.o
 .debug_macro   0x00011005       0x20 ./Src/anim_name.o
 .debug_macro   0x00011025      0x2f4 ./Src/anim_random.o
 .debug_macro   0x00011319      0x30c ./Src/anim_swipe.o
 .debug_macro   0x00011625      0x2fe ./Src/game_racer.o
 .debug_macro   0x00011923      0x2fa ./Src/gpio.o
 .debug_macro   0x00011c1d      0x2f4 ./Src/ledHandler.o
 .debug_macro   0x00011f11      0x36b ./Src/main.o
 .debug_macro   0x0001227c      0x30d ./Src/screenBuffer.o
 .debug_macro   0x00012589      0x2f0 ./Src/stm32f0xx_hal_msp.o
 .debug_macro   0x00012879      0x303 ./Src/stm32f0xx_it.o
 .debug_macro   0x00012b7c      0x274 ./Src/syscalls.o
 .debug_macro   0x00012df0       0x5b ./Src/syscalls.o
 .debug_macro   0x00012e4b       0x94 ./Src/syscalls.o
 .debug_macro   0x00012edf       0x57 ./Src/syscalls.o
 .debug_macro   0x00012f36       0x10 ./Src/syscalls.o
 .debug_macro   0x00012f46       0x10 ./Src/syscalls.o
 .debug_macro   0x00012f56       0x10 ./Src/syscalls.o
 .debug_macro   0x00012f66       0x10 ./Src/syscalls.o
 .debug_macro   0x00012f76       0x1c ./Src/syscalls.o
 .debug_macro   0x00012f92       0x52 ./Src/syscalls.o
 .debug_macro   0x00012fe4       0x22 ./Src/syscalls.o
 .debug_macro   0x00013006       0x10 ./Src/syscalls.o
 .debug_macro   0x00013016       0x52 ./Src/syscalls.o
 .debug_macro   0x00013068       0xcf ./Src/syscalls.o
 .debug_macro   0x00013137       0x1c ./Src/syscalls.o
 .debug_macro   0x00013153       0x3d ./Src/syscalls.o
 .debug_macro   0x00013190       0x35 ./Src/syscalls.o
 .debug_macro   0x000131c5      0x12c ./Src/syscalls.o
 .debug_macro   0x000132f1       0x10 ./Src/syscalls.o
 .debug_macro   0x00013301      0x242 ./Src/syscalls.o
 .debug_macro   0x00013543       0x1c ./Src/syscalls.o
 .debug_macro   0x0001355f       0x10 ./Src/syscalls.o
 .debug_macro   0x0001356f      0x18a ./Src/syscalls.o
 .debug_macro   0x000136f9       0x16 ./Src/syscalls.o
 .debug_macro   0x0001370f       0xce ./Src/syscalls.o
 .debug_macro   0x000137dd       0xff ./Src/sysmem.o
 .debug_macro   0x000138dc      0x23c ./Src/sysmem.o
 .debug_macro   0x00013b18      0x1d5 ./Src/system_stm32f0xx.o
 .debug_macro   0x00013ced      0x2fa ./Src/tim.o
 .debug_macro   0x00013fe7      0x2fa ./Src/usart.o

.debug_line     0x00000000    0x16125
 .debug_line    0x00000000      0x956 ./Drivers/STM32F0xx_HAL_Driver/Src/stm32f0xx_hal.o
 .debug_line    0x00000956     0x1188 ./Drivers/STM32F0xx_HAL_Driver/Src/stm32f0xx_hal_adc.o
 .debug_line    0x00001ade      0xa02 ./Drivers/STM32F0xx_HAL_Driver/Src/stm32f0xx_hal_cortex.o
 .debug_line    0x000024e0      0xaef ./Drivers/STM32F0xx_HAL_Driver/Src/stm32f0xx_hal_gpio.o
 .debug_line    0x00002fcf      0xd3b ./Drivers/STM32F0xx_HAL_Driver/Src/stm32f0xx_hal_rcc.o
 .debug_line    0x00003d0a      0x8b2 ./Drivers/STM32F0xx_HAL_Driver/Src/stm32f0xx_hal_rcc_ex.o
 .debug_line    0x000045bc     0x36cd ./Drivers/STM32F0xx_HAL_Driver/Src/stm32f0xx_hal_tim.o
 .debug_line    0x00007c89     0x18d1 ./Drivers/STM32F0xx_HAL_Driver/Src/stm32f0xx_hal_tim_ex.o
 .debug_line    0x0000955a     0x2b35 ./Drivers/STM32F0xx_HAL_Driver/Src/stm32f0xx_hal_uart.o
 .debug_line    0x0000c08f      0x8c1 ./Src/adc.o
 .debug_line    0x0000c950      0x88a ./Src/anim_ball.o
 .debug_line    0x0000d1da      0xb40 ./Src/anim_life.o
 .debug_line    0x0000dd1a      0x89f ./Src/anim_name.o
 .debug_line    0x0000e5b9      0x88d ./Src/anim_random.o
 .debug_line    0x0000ee46      0x950 ./Src/anim_swipe.o